<html>
<body>
<pre>
<h1>µVision Build Log</h1>
<h2>Tool Versions:</h2>
IDE-Version: ¦ÌVision V5.28.0.0
Copyright (C) 2019 ARM Ltd and ARM Germany GmbH. All rights reserved.
License Information: ds lijianxia2002, f', LIC=9WSKC-7QJZR-8TI3P-MAV5W-X9RM4-7JGSK
 
Tool Versions:
Toolchain:       MDK-ARM Plus  Version: 5.28.0.0
Toolchain Path:  C:\Keil_v5\ARM\ARMCC\Bin
C Compiler:      Armcc.exe V5.06 update 6 (build 750)
Assembler:       Armasm.exe V5.06 update 6 (build 750)
Linker/Locator:  ArmLink.exe V5.06 update 6 (build 750)
Library Manager: ArmAr.exe V5.06 update 6 (build 750)
Hex Converter:   FromElf.exe V5.06 update 6 (build 750)
CPU DLL:         SARMCM3.DLL V5.28.0.0
Dialog DLL:      DCM.DLL V1.17.3.0
Target DLL:      CMSIS_AGDI.dll V1.31.18.0
Dialog DLL:      TCM.DLL V1.36.2.0
 
<h2>Project:</h2>
C:\Users\lijianxia2002\Desktop\23.12-24.2\STM32\Motor_Ctrl2.0_Auxiliary\MDK-ARM\Motor_Ctrl2.0_Auxiliary.uvprojx
Project File Date:  02/08/2024

<h2>Output:</h2>
*** Using Compiler 'V5.06 update 6 (build 750)', folder: 'C:\Keil_v5\ARM\ARMCC\Bin'
Build target 'Motor_Ctrl2.0_Auxiliary'
compiling transmit.c...
../Files/Inc/transmit.h(23): warning:  #1295-D: Deprecated declaration connect_with_board - give arg types
  void connect_with_board();
../Files/Inc/transmit.h(24): warning:  #1295-D: Deprecated declaration receieve_from_board - give arg types
  void receieve_from_board();
../Files/Inc/transmit.h(25): warning:  #1295-D: Deprecated declaration main_data_parse - give arg types
  void main_data_parse();
../Files/Inc/transmit.h(26): warning:  #1-D: last line of file ends without a newline
  #endif
../Files/Inc/servo_ctrl.h(10): warning:  #1295-D: Deprecated declaration drive_mode - give arg types
  void drive_mode();
../Files/Inc/servo_ctrl.h(11): warning:  #1295-D: Deprecated declaration servos_data_init_lie - give arg types
  void servos_data_init_lie();
../Files/Inc/servo_ctrl.h(12): warning:  #1295-D: Deprecated declaration servos_data_init - give arg types
  void servos_data_init();
../Files/Inc/servo_ctrl.h(21): warning:  #1-D: last line of file ends without a newline
  #endif
..\Files\Src\transmit.c(98): warning:  #1-D: last line of file ends without a newline
  }
..\Files\Src\transmit.c: 9 warnings, 0 errors
linking...
Program Size: Code=24528 RO-data=1024 RW-data=176 ZI-data=8832  
FromELF: creating hex file...
"Motor_Ctrl2.0_Auxiliary\Motor_Ctrl2.0_Auxiliary" - 0 Error(s), 9 Warning(s).

<h2>Software Packages used:</h2>

Package Vendor: ARM
                http://www.keil.com/pack/ARM.CMSIS.5.5.1.pack
                ARM.CMSIS.5.5.1
                CMSIS (Cortex Microcontroller Software Interface Standard)
   * Component: CORE Version: 5.2.0

Package Vendor: Keil
                http://www.keil.com/pack/Keil.STM32F1xx_DFP.2.3.0.pack
                Keil.STM32F1xx_DFP.2.3.0
                STMicroelectronics STM32F1 Series Device Support, Drivers and Examples

<h2>Collection of Component include folders:</h2>
  .\RTE\_Motor_Ctrl2.0_Auxiliary
  C:\Users\lijianxia2002\AppData\Local\Arm\Packs\ARM\CMSIS\5.5.1\CMSIS\Core\Include
  C:\Users\lijianxia2002\AppData\Local\Arm\Packs\Keil\STM32F1xx_DFP\2.3.0\Device\Include

<h2>Collection of Component Files used:</h2>

   * Component: ARM::CMSIS:CORE:5.2.0
Build Time Elapsed:  00:00:02
</pre>
</body>
</html>
