Component: ARM Compiler 5.06 update 6 (build 750) Tool: armlink [4d35ed]

==============================================================================

Section Cross References

    startup_stm32f103xb.o(RESET) refers to startup_stm32f103xb.o(STACK) for __initial_sp
    startup_stm32f103xb.o(RESET) refers to startup_stm32f103xb.o(.text) for Reset_Handler
    startup_stm32f103xb.o(RESET) refers to stm32f1xx_it.o(i.NMI_Handler) for NMI_Handler
    startup_stm32f103xb.o(RESET) refers to stm32f1xx_it.o(i.HardFault_Handler) for HardFault_Handler
    startup_stm32f103xb.o(RESET) refers to stm32f1xx_it.o(i.MemManage_Handler) for MemManage_Handler
    startup_stm32f103xb.o(RESET) refers to stm32f1xx_it.o(i.BusFault_Handler) for BusFault_Handler
    startup_stm32f103xb.o(RESET) refers to stm32f1xx_it.o(i.UsageFault_Handler) for UsageFault_Handler
    startup_stm32f103xb.o(RESET) refers to port.o(.emb_text) for SVC_Handler
    startup_stm32f103xb.o(RESET) refers to stm32f1xx_it.o(i.DebugMon_Handler) for DebugMon_Handler
    startup_stm32f103xb.o(RESET) refers to port.o(i.SysTick_Handler) for SysTick_Handler
    startup_stm32f103xb.o(RESET) refers to stm32f1xx_it.o(i.TIM1_UP_IRQHandler) for TIM1_UP_IRQHandler
    startup_stm32f103xb.o(RESET) refers to stm32f1xx_it.o(i.USART1_IRQHandler) for USART1_IRQHandler
    startup_stm32f103xb.o(.text) refers to system_stm32f1xx.o(i.SystemInit) for SystemInit
    startup_stm32f103xb.o(.text) refers to entry.o(.ARM.Collect$$$$00000000) for __main
    servo.o(i.Servo_calc) refers to dfltui.o(.text) for __aeabi_ui2d
    servo.o(i.Servo_calc) refers to dmul.o(.text) for __aeabi_dmul
    servo.o(i.Servo_calc) refers to dadd.o(.text) for __aeabi_dadd
    servo.o(i.Servo_calc) refers to dfixui.o(.text) for __aeabi_d2uiz
    servo.o(i.Servo_calc) refers to servo.o(.data) for .data
    servo.o(i.Servo_calc) refers to servo.o(.bss) for .bss
    servo.o(i.Servo_data_rec) refers to printf1.o(i.__0printf$1) for __2printf
    servo.o(i.Servo_data_rec) refers to servo.o(.data) for .data
    servo.o(i.Servo_data_rec) refers to main.o(.bss) for servos
    servo.o(i.Servo_data_rec) refers to servo.o(.bss) for .bss
    nrf24l01.o(i.NRF24L01_Check) refers to nrf24l01.o(i.SPI1_SetSpeed) for SPI1_SetSpeed
    nrf24l01.o(i.NRF24L01_Check) refers to nrf24l01.o(i.NRF24L01_Write_Buf) for NRF24L01_Write_Buf
    nrf24l01.o(i.NRF24L01_Check) refers to nrf24l01.o(i.NRF24L01_Read_Buf) for NRF24L01_Read_Buf
    nrf24l01.o(i.NRF24L01_Init) refers to stm32f1xx_hal_gpio.o(i.HAL_GPIO_Init) for HAL_GPIO_Init
    nrf24l01.o(i.NRF24L01_Init) refers to nrf24l01.o(i.NRF24L01_SPI_Init) for NRF24L01_SPI_Init
    nrf24l01.o(i.NRF24L01_Init) refers to stm32f1xx_hal_gpio.o(i.HAL_GPIO_WritePin) for HAL_GPIO_WritePin
    nrf24l01.o(i.NRF24L01_Init) refers to printf1.o(i.__0printf$1) for __2printf
    nrf24l01.o(i.NRF24L01_Init) refers to stm32f1xx_hal.o(i.HAL_Delay) for HAL_Delay
    nrf24l01.o(i.NRF24L01_Init) refers to nrf24l01.o(i.NRF24L01_Check) for NRF24L01_Check
    nrf24l01.o(i.NRF24L01_RX_Mode) refers to stm32f1xx_hal_gpio.o(i.HAL_GPIO_WritePin) for HAL_GPIO_WritePin
    nrf24l01.o(i.NRF24L01_RX_Mode) refers to nrf24l01.o(i.NRF24L01_Write_Reg) for NRF24L01_Write_Reg
    nrf24l01.o(i.NRF24L01_RX_Mode) refers to nrf24l01.o(i.NRF24L01_Write_Buf) for NRF24L01_Write_Buf
    nrf24l01.o(i.NRF24L01_RX_Mode) refers to stm32f1xx_hal.o(i.HAL_Delay) for HAL_Delay
    nrf24l01.o(i.NRF24L01_RX_Mode) refers to nrf24l01.o(.constdata) for .constdata
    nrf24l01.o(i.NRF24L01_Read_Buf) refers to stm32f1xx_hal_gpio.o(i.HAL_GPIO_WritePin) for HAL_GPIO_WritePin
    nrf24l01.o(i.NRF24L01_Read_Buf) refers to nrf24l01.o(i.SPIx_ReadWriteByte) for SPIx_ReadWriteByte
    nrf24l01.o(i.NRF24L01_Read_Buf) refers to spi.o(.bss) for hspi2
    nrf24l01.o(i.NRF24L01_Read_Reg) refers to stm32f1xx_hal_gpio.o(i.HAL_GPIO_WritePin) for HAL_GPIO_WritePin
    nrf24l01.o(i.NRF24L01_Read_Reg) refers to nrf24l01.o(i.SPIx_ReadWriteByte) for SPIx_ReadWriteByte
    nrf24l01.o(i.NRF24L01_Read_Reg) refers to spi.o(.bss) for hspi2
    nrf24l01.o(i.NRF24L01_RxPacket) refers to nrf24l01.o(i.SPI1_SetSpeed) for SPI1_SetSpeed
    nrf24l01.o(i.NRF24L01_RxPacket) refers to nrf24l01.o(i.NRF24L01_Read_Reg) for NRF24L01_Read_Reg
    nrf24l01.o(i.NRF24L01_RxPacket) refers to nrf24l01.o(i.NRF24L01_Write_Reg) for NRF24L01_Write_Reg
    nrf24l01.o(i.NRF24L01_RxPacket) refers to nrf24l01.o(i.NRF24L01_Read_Buf) for NRF24L01_Read_Buf
    nrf24l01.o(i.NRF24L01_SPI_Init) refers to stm32f1xx_hal_spi.o(i.HAL_SPI_Init) for HAL_SPI_Init
    nrf24l01.o(i.NRF24L01_SPI_Init) refers to spi.o(.bss) for hspi2
    nrf24l01.o(i.NRF24L01_TX_Mode) refers to stm32f1xx_hal_gpio.o(i.HAL_GPIO_WritePin) for HAL_GPIO_WritePin
    nrf24l01.o(i.NRF24L01_TX_Mode) refers to nrf24l01.o(i.NRF24L01_Write_Buf) for NRF24L01_Write_Buf
    nrf24l01.o(i.NRF24L01_TX_Mode) refers to nrf24l01.o(i.NRF24L01_Write_Reg) for NRF24L01_Write_Reg
[...]
    i.HAL_TIM_IRQHandler                     0x08001e4e   Section        0  stm32f1xx_hal_tim.o(i.HAL_TIM_IRQHandler)
    i.HAL_TIM_MspPostInit                    0x08001fb4   Section        0  tim.o(i.HAL_TIM_MspPostInit)
    i.HAL_TIM_OC_DelayElapsedCallback        0x08001ffc   Section        0  stm32f1xx_hal_tim.o(i.HAL_TIM_OC_DelayElapsedCallback)
    i.HAL_TIM_PWM_ConfigChannel              0x08001ffe   Section        0  stm32f1xx_hal_tim.o(i.HAL_TIM_PWM_ConfigChannel)
    i.HAL_TIM_PWM_Init                       0x080020ca   Section        0  stm32f1xx_hal_tim.o(i.HAL_TIM_PWM_Init)
    i.HAL_TIM_PWM_MspInit                    0x08002124   Section        0  tim.o(i.HAL_TIM_PWM_MspInit)
    i.HAL_TIM_PWM_PulseFinishedCallback      0x08002148   Section        0  stm32f1xx_hal_tim.o(i.HAL_TIM_PWM_PulseFinishedCallback)
    i.HAL_TIM_PWM_Start                      0x0800214c   Section        0  stm32f1xx_hal_tim.o(i.HAL_TIM_PWM_Start)
    i.HAL_TIM_PeriodElapsedCallback          0x080021e8   Section        0  main.o(i.HAL_TIM_PeriodElapsedCallback)
    i.HAL_TIM_TriggerCallback                0x080021fc   Section        0  stm32f1xx_hal_tim.o(i.HAL_TIM_TriggerCallback)
    i.HAL_UARTEx_RxEventCallback             0x080021fe   Section        0  stm32f1xx_hal_uart.o(i.HAL_UARTEx_RxEventCallback)
    i.HAL_UART_ErrorCallback                 0x08002200   Section        0  stm32f1xx_hal_uart.o(i.HAL_UART_ErrorCallback)
    i.HAL_UART_IRQHandler                    0x08002204   Section        0  stm32f1xx_hal_uart.o(i.HAL_UART_IRQHandler)
    i.HAL_UART_Init                          0x08002470   Section        0  stm32f1xx_hal_uart.o(i.HAL_UART_Init)
    i.HAL_UART_MspInit                       0x080024d4   Section        0  usart.o(i.HAL_UART_MspInit)
    i.HAL_UART_Receive_IT                    0x08002554   Section        0  stm32f1xx_hal_uart.o(i.HAL_UART_Receive_IT)
    i.HAL_UART_RxCpltCallback                0x08002570   Section        0  freertos.o(i.HAL_UART_RxCpltCallback)
    i.HAL_UART_Transmit                      0x080025a4   Section        0  stm32f1xx_hal_uart.o(i.HAL_UART_Transmit)
    i.HAL_UART_TxCpltCallback                0x0800263e   Section        0  stm32f1xx_hal_uart.o(i.HAL_UART_TxCpltCallback)
    i.HardFault_Handler                      0x08002640   Section        0  stm32f1xx_it.o(i.HardFault_Handler)
    i.I2C_IsAcknowledgeFailed                0x08002642   Section        0  stm32f1xx_hal_i2c.o(i.I2C_IsAcknowledgeFailed)
    I2C_IsAcknowledgeFailed                  0x08002643   Thumb Code    46  stm32f1xx_hal_i2c.o(i.I2C_IsAcknowledgeFailed)
    i.I2C_RequestMemoryRead                  0x08002670   Section        0  stm32f1xx_hal_i2c.o(i.I2C_RequestMemoryRead)
    I2C_RequestMemoryRead                    0x08002671   Thumb Code   246  stm32f1xx_hal_i2c.o(i.I2C_RequestMemoryRead)
    i.I2C_RequestMemoryWrite                 0x0800276c   Section        0  stm32f1xx_hal_i2c.o(i.I2C_RequestMemoryWrite)
    I2C_RequestMemoryWrite                   0x0800276d   Thumb Code   162  stm32f1xx_hal_i2c.o(i.I2C_RequestMemoryWrite)
    i.I2C_WaitOnBTFFlagUntilTimeout          0x08002814   Section        0  stm32f1xx_hal_i2c.o(i.I2C_WaitOnBTFFlagUntilTimeout)
    I2C_WaitOnBTFFlagUntilTimeout            0x08002815   Thumb Code    86  stm32f1xx_hal_i2c.o(i.I2C_WaitOnBTFFlagUntilTimeout)
    i.I2C_WaitOnFlagUntilTimeout             0x0800286c   Section        0  stm32f1xx_hal_i2c.o(i.I2C_WaitOnFlagUntilTimeout)
    I2C_WaitOnFlagUntilTimeout               0x0800286d   Thumb Code   144  stm32f1xx_hal_i2c.o(i.I2C_WaitOnFlagUntilTimeout)
    i.I2C_WaitOnMasterAddressFlagUntilTimeout 0x080028fc   Section        0  stm32f1xx_hal_i2c.o(i.I2C_WaitOnMasterAddressFlagUntilTimeout)
    I2C_WaitOnMasterAddressFlagUntilTimeout  0x080028fd   Thumb Code   188  stm32f1xx_hal_i2c.o(i.I2C_WaitOnMasterAddressFlagUntilTimeout)
    i.I2C_WaitOnRXNEFlagUntilTimeout         0x080029b8   Section        0  stm32f1xx_hal_i2c.o(i.I2C_WaitOnRXNEFlagUntilTimeout)
    I2C_WaitOnRXNEFlagUntilTimeout           0x080029b9   Thumb Code   112  stm32f1xx_hal_i2c.o(i.I2C_WaitOnRXNEFlagUntilTimeout)
    i.I2C_WaitOnTXEFlagUntilTimeout          0x08002a28   Section        0  stm32f1xx_hal_i2c.o(i.I2C_WaitOnTXEFlagUntilTimeout)
    I2C_WaitOnTXEFlagUntilTimeout            0x08002a29   Thumb Code    86  stm32f1xx_hal_i2c.o(i.I2C_WaitOnTXEFlagUntilTimeout)
    i.MPU_Get_Accelerometer                  0x08002a7e   Section        0  mpu6050.o(i.MPU_Get_Accelerometer)
    i.MPU_Get_Gyroscope                      0x08002aae   Section        0  mpu6050.o(i.MPU_Get_Gyroscope)
    i.MPU_Init                               0x08002ae0   Section        0  mpu6050.o(i.MPU_Init)
    i.MPU_Read_Byte                          0x08002b58   Section        0  mpu6050.o(i.MPU_Read_Byte)
    i.MPU_Read_Len                           0x08002b8c   Section        0  mpu6050.o(i.MPU_Read_Len)
    i.MPU_Set_Accel_Fsr                      0x08002bac   Section        0  mpu6050.o(i.MPU_Set_Accel_Fsr)
    i.MPU_Set_Gyro_Fsr                       0x08002bb6   Section        0  mpu6050.o(i.MPU_Set_Gyro_Fsr)
    i.MPU_Set_LPF                            0x08002bc0   Section        0  mpu6050.o(i.MPU_Set_LPF)
    i.MPU_Set_Rate                           0x08002bf0   Section        0  mpu6050.o(i.MPU_Set_Rate)
    i.MPU_Write_Byte                         0x08002c20   Section        0  mpu6050.o(i.MPU_Write_Byte)
    i.MX_FREERTOS_Init                       0x08002c50   Section        0  freertos.o(i.MX_FREERTOS_Init)
    i.MX_GPIO_Init                           0x08002cb8   Section        0  gpio.o(i.MX_GPIO_Init)
    i.MX_I2C2_Init                           0x08002d64   Section        0  i2c.o(i.MX_I2C2_Init)
    i.MX_SPI2_Init                           0x08002da4   Section        0  spi.o(i.MX_SPI2_Init)
    i.MX_TIM2_Init                           0x08002de8   Section        0  tim.o(i.MX_TIM2_Init)
    i.MX_USART1_UART_Init                    0x08002e88   Section        0  usart.o(i.MX_USART1_UART_Init)
    i.MemManage_Handler                      0x08002ec0   Section        0  stm32f1xx_it.o(i.MemManage_Handler)
    i.NMI_Handler                            0x08002ec2   Section        0  stm32f1xx_it.o(i.NMI_Handler)
    i.NRF24L01_Check                         0x08002ec4   Section        0  nrf24l01.o(i.NRF24L01_Check)
    i.NRF24L01_Init                          0x08002f10   Section        0  nrf24l01.o(i.NRF24L01_Init)
    i.NRF24L01_Read_Buf                      0x08002ff4   Section        0  nrf24l01.o(i.NRF24L01_Read_Buf)
    i.NRF24L01_Read_Reg                      0x08003048   Section        0  nrf24l01.o(i.NRF24L01_Read_Reg)
    i.NRF24L01_SPI_Init                      0x08003084   Section        0  nrf24l01.o(i.NRF24L01_SPI_Init)
    i.NRF24L01_TX_Mode                       0x080030b0   Section        0  nrf24l01.o(i.NRF24L01_TX_Mode)
    i.NRF24L01_TxPacket                      0x08003124   Section        0  nrf24l01.o(i.NRF24L01_TxPacket)
    i.NRF24L01_Write_Buf                     0x08003190   Section        0  nrf24l01.o(i.NRF24L01_Write_Buf)
    i.NRF24L01_Write_Reg                     0x080031e8   Section        0  nrf24l01.o(i.NRF24L01_Write_Reg)
    i.SPI1_SetSpeed                          0x0800322c   Section        0  nrf24l01.o(i.SPI1_SetSpeed)
    SPI1_SetSpeed                            0x0800322d   Thumb Code    46  nrf24l01.o(i.SPI1_SetSpeed)
    i.SPI_EndRxTxTransaction                 0x08003260   Section        0  stm32f1xx_hal_spi.o(i.SPI_EndRxTxTransaction)
    SPI_EndRxTxTransaction                   0x08003261   Thumb Code    32  stm32f1xx_hal_spi.o(i.SPI_EndRxTxTransaction)
    i.SPI_WaitFlagStateUntilTimeout          0x08003280   Section        0  stm32f1xx_hal_spi.o(i.SPI_WaitFlagStateUntilTimeout)
    SPI_WaitFlagStateUntilTimeout            0x08003281   Thumb Code   180  stm32f1xx_hal_spi.o(i.SPI_WaitFlagStateUntilTimeout)
    i.SPIx_ReadWriteByte                     0x08003338   Section        0  nrf24l01.o(i.SPIx_ReadWriteByte)
    i.Servo_init                             0x08003358   Section        0  servo.o(i.Servo_init)
    i.StartDefaultTask                       0x0800336a   Section        0  freertos.o(i.StartDefaultTask)
    i.Start_Servo_Task                       0x08003374   Section        0  freertos.o(i.Start_Servo_Task)
    i.Start_UART_Task                        0x080034ac   Section        0  freertos.o(i.Start_UART_Task)
    i.SysTick_Handler                        0x080034bc   Section        0  port.o(i.SysTick_Handler)
    i.SystemClock_Config                     0x080034e8   Section        0  main.o(i.SystemClock_Config)
    i.SystemInit                             0x08003546   Section        0  system_stm32f1xx.o(i.SystemInit)
    i.TIM1_UP_IRQHandler                     0x08003548   Section        0  stm32f1xx_it.o(i.TIM1_UP_IRQHandler)
    i.TIM_Base_SetConfig                     0x08003554   Section        0  stm32f1xx_hal_tim.o(i.TIM_Base_SetConfig)
    i.TIM_CCxChannelCmd                      0x080035c0   Section        0  stm32f1xx_hal_tim.o(i.TIM_CCxChannelCmd)
    i.TIM_OC1_SetConfig                      0x080035dc   Section        0  stm32f1xx_hal_tim.o(i.TIM_OC1_SetConfig)
    TIM_OC1_SetConfig                        0x080035dd   Thumb Code    74  stm32f1xx_hal_tim.o(i.TIM_OC1_SetConfig)
    i.TIM_OC2_SetConfig                      0x0800362c   Section        0  stm32f1xx_hal_tim.o(i.TIM_OC2_SetConfig)
    i.TIM_OC3_SetConfig                      0x08003684   Section        0  stm32f1xx_hal_tim.o(i.TIM_OC3_SetConfig)
    TIM_OC3_SetConfig                        0x08003685   Thumb Code    82  stm32f1xx_hal_tim.o(i.TIM_OC3_SetConfig)
    i.TIM_OC4_SetConfig                      0x080036dc   Section        0  stm32f1xx_hal_tim.o(i.TIM_OC4_SetConfig)
    TIM_OC4_SetConfig                        0x080036dd   Thumb Code    64  stm32f1xx_hal_tim.o(i.TIM_OC4_SetConfig)
    i.UART_DMAAbortOnError                   0x08003720   Section        0  stm32f1xx_hal_uart.o(i.UART_DMAAbortOnError)
    UART_DMAAbortOnError                     0x08003721   Thumb Code    16  stm32f1xx_hal_uart.o(i.UART_DMAAbortOnError)
    i.UART_EndRxTransfer                     0x08003730   Section        0  stm32f1xx_hal_uart.o(i.UART_EndRxTransfer)
    UART_EndRxTransfer                       0x08003731   Thumb Code    78  stm32f1xx_hal_uart.o(i.UART_EndRxTransfer)
    i.UART_Receive_IT                        0x0800377e   Section        0  stm32f1xx_hal_uart.o(i.UART_Receive_IT)
    UART_Receive_IT                          0x0800377f   Thumb Code   194  stm32f1xx_hal_uart.o(i.UART_Receive_IT)
    i.UART_SetConfig                         0x08003840   Section        0  stm32f1xx_hal_uart.o(i.UART_SetConfig)
    UART_SetConfig                           0x08003841   Thumb Code   178  stm32f1xx_hal_uart.o(i.UART_SetConfig)
    i.UART_Start_Receive_IT                  0x080038f8   Section        0  stm32f1xx_hal_uart.o(i.UART_Start_Receive_IT)
    i.UART_WaitOnFlagUntilTimeout            0x0800392e   Section        0  stm32f1xx_hal_uart.o(i.UART_WaitOnFlagUntilTimeout)
    UART_WaitOnFlagUntilTimeout              0x0800392f   Thumb Code   120  stm32f1xx_hal_uart.o(i.UART_WaitOnFlagUntilTimeout)
    i.USART1_IRQHandler                      0x080039a8   Section        0  stm32f1xx_it.o(i.USART1_IRQHandler)
    i.UsageFault_Handler                     0x080039b4   Section        0  stm32f1xx_it.o(i.UsageFault_Handler)
    i.__0printf$1                            0x080039b8   Section        0  printf1.o(i.__0printf$1)
    i.__ARM_fpclassify                       0x080039d8   Section        0  fpclassify.o(i.__ARM_fpclassify)
    i.__NVIC_SetPriority                     0x08003a00   Section        0  stm32f1xx_hal_cortex.o(i.__NVIC_SetPriority)
    __NVIC_SetPriority                       0x08003a01   Thumb Code    32  stm32f1xx_hal_cortex.o(i.__NVIC_SetPriority)
    i.__kernel_poly                          0x08003a20   Section        0  poly.o(i.__kernel_poly)
    i.__mathlib_dbl_infnan                   0x08003aca   Section        0  dunder.o(i.__mathlib_dbl_infnan)
    i.__mathlib_dbl_infnan2                  0x08003ad0   Section        0  dunder.o(i.__mathlib_dbl_infnan2)
    i.__mathlib_dbl_underflow                0x08003ad4   Section        0  dunder.o(i.__mathlib_dbl_underflow)
    i.__scatterload_copy                     0x08003ae4   Section       14  handlers.o(i.__scatterload_copy)
    i.__scatterload_null                     0x08003af2   Section        2  handlers.o(i.__scatterload_null)
    i.__scatterload_zeroinit                 0x08003af4   Section       14  handlers.o(i.__scatterload_zeroinit)
    i._printf_core                           0x08003b04   Section        0  printf1.o(i._printf_core)
    _printf_core                             0x08003b05   Thumb Code   336  printf1.o(i._printf_core)
    i.atan                                   0x08003c58   Section        0  atan.o(i.atan)
    i.atan2                                  0x08003e78   Section        0  atan2.o(i.atan2)
    i.fputc                                  0x08003ff8   Section        0  usart.o(i.fputc)
    i.main                                   0x08004010   Section        0  main.o(i.main)
    i.makeFreeRtosPriority                   0x08004080   Section        0  cmsis_os.o(i.makeFreeRtosPriority)
    makeFreeRtosPriority                     0x08004081   Thumb Code    12  cmsis_os.o(i.makeFreeRtosPriority)
    i.osDelay                                0x0800408c   Section        0  cmsis_os.o(i.osDelay)
    i.osKernelStart                          0x0800409a   Section        0  cmsis_os.o(i.osKernelStart)
    i.osMessageCreate                        0x080040a4   Section        0  cmsis_os.o(i.osMessageCreate)
    i.osThreadCreate                         0x080040ca   Section        0  cmsis_os.o(i.osThreadCreate)
    i.prvAddCurrentTaskToDelayedList         0x08004120   Section        0  tasks.o(i.prvAddCurrentTaskToDelayedList)
    prvAddCurrentTaskToDelayedList           0x08004121   Thumb Code   102  tasks.o(i.prvAddCurrentTaskToDelayedList)
    i.prvAddNewTaskToReadyList               0x08004190   Section        0  tasks.o(i.prvAddNewTaskToReadyList)
    prvAddNewTaskToReadyList                 0x08004191   Thumb Code   194  tasks.o(i.prvAddNewTaskToReadyList)
    i.prvDeleteTCB                           0x08004260   Section        0  tasks.o(i.prvDeleteTCB)
    prvDeleteTCB                             0x08004261   Thumb Code    52  tasks.o(i.prvDeleteTCB)
    i.prvHeapInit                            0x08004294   Section        0  heap_4.o(i.prvHeapInit)
    prvHeapInit                              0x08004295   Thumb Code    66  heap_4.o(i.prvHeapInit)
    i.prvIdleTask                            0x080042e0   Section        0  tasks.o(i.prvIdleTask)
    prvIdleTask                              0x080042e1   Thumb Code    82  tasks.o(i.prvIdleTask)
    i.prvInitialiseNewQueue                  0x08004340   Section        0  queue.o(i.prvInitialiseNewQueue)
    prvInitialiseNewQueue                    0x08004341   Thumb Code    22  queue.o(i.prvInitialiseNewQueue)
    i.prvInitialiseNewTask                   0x08004356   Section        0  tasks.o(i.prvInitialiseNewTask)
    prvInitialiseNewTask                     0x08004357   Thumb Code   142  tasks.o(i.prvInitialiseNewTask)
    i.prvInsertBlockIntoFreeList             0x080043e4   Section        0  heap_4.o(i.prvInsertBlockIntoFreeList)
    prvInsertBlockIntoFreeList               0x080043e5   Thumb Code    72  heap_4.o(i.prvInsertBlockIntoFreeList)
    i.prvResetNextTaskUnblockTime            0x08004430   Section        0  tasks.o(i.prvResetNextTaskUnblockTime)
    prvResetNextTaskUnblockTime              0x08004431   Thumb Code    26  tasks.o(i.prvResetNextTaskUnblockTime)
    i.prvTaskExitError                       0x08004450   Section        0  port.o(i.prvTaskExitError)
    prvTaskExitError                         0x08004451   Thumb Code    36  port.o(i.prvTaskExitError)
    i.pvPortMalloc                           0x08004478   Section        0  heap_4.o(i.pvPortMalloc)
    i.pxPortInitialiseStack                  0x08004550   Section        0  port.o(i.pxPortInitialiseStack)
    i.uxListRemove                           0x08004574   Section        0  list.o(i.uxListRemove)
    i.vApplicationGetIdleTaskMemory          0x0800459c   Section        0  freertos.o(i.vApplicationGetIdleTaskMemory)
    i.vListInitialise                        0x080045b0   Section        0  list.o(i.vListInitialise)
    i.vListInitialiseItem                    0x080045c6   Section        0  list.o(i.vListInitialiseItem)
    i.vListInsert                            0x080045cc   Section        0  list.o(i.vListInsert)
    i.vListInsertEnd                         0x080045fc   Section        0  list.o(i.vListInsertEnd)
    i.vPortEnterCritical                     0x08004614   Section        0  port.o(i.vPortEnterCritical)
    i.vPortExitCritical                      0x08004654   Section        0  port.o(i.vPortExitCritical)
    i.vPortFree                              0x0800467c   Section        0  heap_4.o(i.vPortFree)
    i.vPortSetupTimerInterrupt               0x080046d8   Section        0  port.o(i.vPortSetupTimerInterrupt)
    i.vTaskDelay                             0x080046fc   Section        0  tasks.o(i.vTaskDelay)
    i.vTaskStartScheduler                    0x08004748   Section        0  tasks.o(i.vTaskStartScheduler)
    i.vTaskSuspendAll                        0x080047b4   Section        0  tasks.o(i.vTaskSuspendAll)
    i.vTaskSwitchContext                     0x080047c4   Section        0  tasks.o(i.vTaskSwitchContext)
    i.xPortStartScheduler                    0x08004820   Section        0  port.o(i.xPortStartScheduler)
    i.xQueueGenericCreate                    0x080048c8   Section        0  queue.o(i.xQueueGenericCreate)
    i.xQueueGenericCreateStatic              0x08004910   Section        0  queue.o(i.xQueueGenericCreateStatic)
    i.xQueueGenericReset                     0x08004978   Section        0  queue.o(i.xQueueGenericReset)
    i.xTaskCreate                            0x08004a00   Section        0  tasks.o(i.xTaskCreate)
    i.xTaskCreateStatic                      0x08004a5a   Section        0  tasks.o(i.xTaskCreateStatic)
    i.xTaskIncrementTick                     0x08004ab0   Section        0  tasks.o(i.xTaskIncrementTick)
    i.xTaskRemoveFromEventList               0x08004b78   Section        0  tasks.o(i.xTaskRemoveFromEventList)
    i.xTaskResumeAll                         0x08004bec   Section        0  tasks.o(i.xTaskResumeAll)
    .constdata                               0x08004cb0   Section       10  nrf24l01.o(.constdata)
    .constdata                               0x08004cbc   Section      100  freertos.o(.constdata)
    .constdata                               0x08004d20   Section       18  stm32f1xx_hal_rcc.o(.constdata)
    aPredivFactorTable                       0x08004d20   Data           2  stm32f1xx_hal_rcc.o(.constdata)
    aPLLMULFactorTable                       0x08004d22   Data          16  stm32f1xx_hal_rcc.o(.constdata)
    .constdata                               0x08004d32   Section       16  system_stm32f1xx.o(.constdata)
    .constdata                               0x08004d42   Section        8  system_stm32f1xx.o(.constdata)
    .constdata                               0x08004d50   Section      152  atan.o(.constdata)
    atanhi                                   0x08004d50   Data          32  atan.o(.constdata)
    atanlo                                   0x08004d70   Data          32  atan.o(.constdata)
    aTodd                                    0x08004d90   Data          40  atan.o(.constdata)
    aTeven                                   0x08004db8   Data          48  atan.o(.constdata)
    .constdata                               0x08004de8   Section        8  qnan.o(.constdata)
    .conststring                             0x08004df0   Section       36  freertos.o(.conststring)
    .data                                    0x20000000   Section       60  control.o(.data)
    .data                                    0x2000003c   Section        8  filter.o(.data)
    .data                                    0x20000044   Section       20  freertos.o(.data)
    i                                        0x20000044   Data           1  freertos.o(.data)
    last_yaw                                 0x20000046   Data           2  freertos.o(.data)
    .data                                    0x20000058   Section       12  stm32f1xx_hal.o(.data)
    .data                                    0x20000064   Section        4  system_stm32f1xx.o(.data)
    .data                                    0x20000068   Section       60  tasks.o(.data)
    pxDelayedTaskList                        0x2000006c   Data           4  tasks.o(.data)
    pxOverflowDelayedTaskList                0x20000070   Data           4  tasks.o(.data)
    uxDeletedTasksWaitingCleanUp             0x20000074   Data           4  tasks.o(.data)
    uxCurrentNumberOfTasks                   0x20000078   Data           4  tasks.o(.data)
    xTickCount                               0x2000007c   Data           4  tasks.o(.data)
    uxTopReadyPriority                       0x20000080   Data           4  tasks.o(.data)
    xSchedulerRunning                        0x20000084   Data           4  tasks.o(.data)
    uxPendedTicks                            0x20000088   Data           4  tasks.o(.data)
    xYieldPending                            0x2000008c   Data           4  tasks.o(.data)
    xNumOfOverflows                          0x20000090   Data           4  tasks.o(.data)
    uxTaskNumber                             0x20000094   Data           4  tasks.o(.data)
    xNextTaskUnblockTime                     0x20000098   Data           4  tasks.o(.data)
    xIdleTaskHandle                          0x2000009c   Data           4  tasks.o(.data)
    uxSchedulerSuspended                     0x200000a0   Data           4  tasks.o(.data)
    .data                                    0x200000a4   Section       24  heap_4.o(.data)
    pxEnd                                    0x200000a4   Data           4  heap_4.o(.data)
    xFreeBytesRemaining                      0x200000a8   Data           4  heap_4.o(.data)
    xMinimumEverFreeBytesRemaining           0x200000ac   Data           4  heap_4.o(.data)
    xBlockAllocatedBit                       0x200000b0   Data           4  heap_4.o(.data)
    xStart                                   0x200000b4   Data           8  heap_4.o(.data)
    .data                                    0x200000bc   Section       12  port.o(.data)
    ucMaxSysCallPriority                     0x200000bc   Data           1  port.o(.data)
    uxCriticalNesting                        0x200000c0   Data           4  port.o(.data)
    ulMaxPRIGROUPValue                       0x200000c4   Data           4  port.o(.data)
    .data                                    0x200000c8   Section        4  stdout.o(.data)
    .bss                                     0x200000cc   Section       14  main.o(.bss)
    .bss                                     0x200000dc   Section      664  freertos.o(.bss)
    xIdleTaskTCBBuffer                       0x20000120   Data          84  freertos.o(.bss)
    xIdleStack                               0x20000174   Data         512  freertos.o(.bss)
    .bss                                     0x20000374   Section       84  i2c.o(.bss)
    .bss                                     0x200003c8   Section       88  spi.o(.bss)
    .bss                                     0x20000420   Section       72  tim.o(.bss)
    .bss                                     0x20000468   Section       72  usart.o(.bss)
    .bss                                     0x200004b0   Section       72  stm32f1xx_hal_timebase_tim.o(.bss)
    .bss                                     0x200004f8   Section      240  tasks.o(.bss)
    pxReadyTasksLists                        0x200004f8   Data         140  tasks.o(.bss)
    xDelayedTaskList1                        0x20000584   Data          20  tasks.o(.bss)
    xDelayedTaskList2                        0x20000598   Data          20  tasks.o(.bss)
    xPendingReadyList                        0x200005ac   Data          20  tasks.o(.bss)
    xTasksWaitingTermination                 0x200005c0   Data          20  tasks.o(.bss)
    xSuspendedTaskList                       0x200005d4   Data          20  tasks.o(.bss)
    .bss                                     0x200005e8   Section     3072  heap_4.o(.bss)
    ucHeap                                   0x200005e8   Data        3072  heap_4.o(.bss)
    STACK                                    0x200011e8   Section     1024  startup_stm32f103xb.o(STACK)

    Global Symbols

    Symbol Name                              Value     Ov Type        Size  Object(Section)

    BuildAttributes$$THM_ISAv4$P$D$K$B$S$PE$A:L22UL41UL21$X:L11$S22US41US21$IEEE1$IW$USESV6$~STKCKD$USESV7$~SHL$OTIME$ROPI$IEEEX$EBA8$MICROLIB$REQ8$PRES8$EABIv2 0x00000000   Number         0  anon$$obj.o ABSOLUTE
    __ARM_use_no_argv                        0x00000000   Number         0  main.o ABSOLUTE
    _printf_a                                0x00000000   Number         0  stubs.o ABSOLUTE
    _printf_c                                0x00000000   Number         0  stubs.o ABSOLUTE
    _printf_charcount                        0x00000000   Number         0  stubs.o ABSOLUTE
    _printf_d                                0x00000000   Number         0  stubs.o ABSOLUTE
    _printf_e                                0x00000000   Number         0  stubs.o ABSOLUTE
    _printf_f                                0x00000000   Number         0  stubs.o ABSOLUTE
    _printf_flags                            0x00000000   Number         0  stubs.o ABSOLUTE
    _printf_fp_dec                           0x00000000   Number         0  stubs.o ABSOLUTE
    _printf_fp_hex                           0x00000000   Number         0  stubs.o ABSOLUTE
    _printf_g                                0x00000000   Number         0  stubs.o ABSOLUTE
    _printf_i                                0x00000000   Number         0  stubs.o ABSOLUTE
    _printf_int_dec                          0x00000000   Number         0  stubs.o ABSOLUTE
    _printf_l                                0x00000000   Number         0  stubs.o ABSOLUTE
    _printf_lc                               0x00000000   Number         0  stubs.o ABSOLUTE
    _printf_ll                               0x00000000   Number         0  stubs.o ABSOLUTE
    _printf_lld                              0x00000000   Number         0  stubs.o ABSOLUTE
    _printf_lli                              0x00000000   Number         0  stubs.o ABSOLUTE
    _printf_llo                              0x00000000   Number         0  stubs.o ABSOLUTE
    _printf_llu                              0x00000000   Number         0  stubs.o ABSOLUTE
    _printf_llx                              0x00000000   Number         0  stubs.o ABSOLUTE
    _printf_longlong_dec                     0x00000000   Number         0  stubs.o ABSOLUTE
    _printf_longlong_hex                     0x00000000   Number         0  stubs.o ABSOLUTE
    _printf_longlong_oct                     0x00000000   Number         0  stubs.o ABSOLUTE
    _printf_ls                               0x00000000   Number         0  stubs.o ABSOLUTE
    _printf_mbtowc                           0x00000000   Number         0  stubs.o ABSOLUTE
    _printf_n                                0x00000000   Number         0  stubs.o ABSOLUTE
    _printf_o                                0x00000000   Number         0  stubs.o ABSOLUTE
    _printf_p                                0x00000000   Number         0  stubs.o ABSOLUTE
    _printf_percent                          0x00000000   Number         0  stubs.o ABSOLUTE
    _printf_pre_padding                      0x00000000   Number         0  stubs.o ABSOLUTE
    _printf_return_value                     0x00000000   Number         0  stubs.o ABSOLUTE
    _printf_s                                0x00000000   Number         0  stubs.o ABSOLUTE
    _printf_sizespec                         0x00000000   Number         0  stubs.o ABSOLUTE
    _printf_str                              0x00000000   Number         0  stubs.o ABSOLUTE
    _printf_truncate_signed                  0x00000000   Number         0  stubs.o ABSOLUTE
    _printf_truncate_unsigned                0x00000000   Number         0  stubs.o ABSOLUTE
    _printf_u                                0x00000000   Number         0  stubs.o ABSOLUTE
    _printf_wc                               0x00000000   Number         0  stubs.o ABSOLUTE
    _printf_wctomb                           0x00000000   Number         0  stubs.o ABSOLUTE
    _printf_widthprec                        0x00000000   Number         0  stubs.o ABSOLUTE
    _printf_x                                0x00000000   Number         0  stubs.o ABSOLUTE
    __cpp_initialize__aeabi_                  - Undefined Weak Reference
    __cxa_finalize                            - Undefined Weak Reference
    __decompress                              - Undefined Weak Reference
    _clock_init                               - Undefined Weak Reference
    _microlib_exit                            - Undefined Weak Reference
    __Vectors_Size                           0x000000ec   Number         0  startup_stm32f103xb.o ABSOLUTE
    __Vectors                                0x08000000   Data           4  startup_stm32f103xb.o(RESET)
    __Vectors_End                            0x080000ec   Data           0  startup_stm32f103xb.o(RESET)
    __main                                   0x080000ed   Thumb Code     0  entry.o(.ARM.Collect$$$$00000000)
    _main_stk                                0x080000ed   Thumb Code     0  entry2.o(.ARM.Collect$$$$00000001)
    _main_scatterload                        0x080000f1   Thumb Code     0  entry5.o(.ARM.Collect$$$$00000004)
    __main_after_scatterload                 0x080000f5   Thumb Code     0  entry5.o(.ARM.Collect$$$$00000004)
    _main_clock                              0x080000f5   Thumb Code     0  entry7b.o(.ARM.Collect$$$$00000008)
    _main_cpp_init                           0x080000f5   Thumb Code     0  entry8b.o(.ARM.Collect$$$$0000000A)
    _main_init                               0x080000f5   Thumb Code     0  entry9a.o(.ARM.Collect$$$$0000000B)
    __rt_final_cpp                           0x080000fd   Thumb Code     0  entry10a.o(.ARM.Collect$$$$0000000D)
    __rt_final_exit                          0x080000fd   Thumb Code     0  entry11a.o(.ARM.Collect$$$$0000000F)
    SVC_Handler                              0x08000101   Thumb Code    32  port.o(.emb_text)
    __asm___6_port_c_39a90d8d__prvStartFirstTask 0x08000125   Thumb Code    28  port.o(.emb_text)
    PendSV_Handler                           0x08000145   Thumb Code    72  port.o(.emb_text)
    vPortGetIPSR                             0x08000191   Thumb Code     6  port.o(.emb_text)
    Reset_Handler                            0x08000199   Thumb Code     8  startup_stm32f103xb.o(.text)
    ADC1_2_IRQHandler                        0x080001b3   Thumb Code     0  startup_stm32f103xb.o(.text)
    CAN1_RX1_IRQHandler                      0x080001b3   Thumb Code     0  startup_stm32f103xb.o(.text)
    CAN1_SCE_IRQHandler                      0x080001b3   Thumb Code     0  startup_stm32f103xb.o(.text)
    DMA1_Channel1_IRQHandler                 0x080001b3   Thumb Code     0  startup_stm32f103xb.o(.text)
    DMA1_Channel2_IRQHandler                 0x080001b3   Thumb Code     0  startup_stm32f103xb.o(.text)
    DMA1_Channel3_IRQHandler                 0x080001b3   Thumb Code     0  startup_stm32f103xb.o(.text)
    DMA1_Channel4_IRQHandler                 0x080001b3   Thumb Code     0  startup_stm32f103xb.o(.text)
    DMA1_Channel5_IRQHandler                 0x080001b3   Thumb Code     0  startup_stm32f103xb.o(.text)
    DMA1_Channel6_IRQHandler                 0x080001b3   Thumb Code     0  startup_stm32f103xb.o(.text)
    DMA1_Channel7_IRQHandler                 0x080001b3   Thumb Code     0  startup_stm32f103xb.o(.text)
    EXTI0_IRQHandler                         0x080001b3   Thumb Code     0  startup_stm32f103xb.o(.text)
    EXTI15_10_IRQHandler                     0x080001b3   Thumb Code     0  startup_stm32f103xb.o(.text)
    EXTI1_IRQHandler                         0x080001b3   Thumb Code     0  startup_stm32f103xb.o(.text)
    EXTI2_IRQHandler                         0x080001b3   Thumb Code     0  startup_stm32f103xb.o(.text)
    EXTI3_IRQHandler                         0x080001b3   Thumb Code     0  startup_stm32f103xb.o(.text)
    EXTI4_IRQHandler                         0x080001b3   Thumb Code     0  startup_stm32f103xb.o(.text)
    EXTI9_5_IRQHandler                       0x080001b3   Thumb Code     0  startup_stm32f103xb.o(.text)
    FLASH_IRQHandler                         0x080001b3   Thumb Code     0  startup_stm32f103xb.o(.text)
    I2C1_ER_IRQHandler                       0x080001b3   Thumb Code     0  startup_stm32f103xb.o(.text)
    I2C1_EV_IRQHandler                       0x080001b3   Thumb Code     0  startup_stm32f103xb.o(.text)
    I2C2_ER_IRQHandler                       0x080001b3   Thumb Code     0  startup_stm32f103xb.o(.text)
    I2C2_EV_IRQHandler                       0x080001b3   Thumb Code     0  startup_stm32f103xb.o(.text)
    PVD_IRQHandler                           0x080001b3   Thumb Code     0  startup_stm32f103xb.o(.text)
    RCC_IRQHandler                           0x080001b3   Thumb Code     0  startup_stm32f103xb.o(.text)
    RTC_Alarm_IRQHandler                     0x080001b3   Thumb Code     0  startup_stm32f103xb.o(.text)
    RTC_IRQHandler                           0x080001b3   Thumb Code     0  startup_stm32f103xb.o(.text)
    SPI1_IRQHandler                          0x080001b3   Thumb Code     0  startup_stm32f103xb.o(.text)
    SPI2_IRQHandler                          0x080001b3   Thumb Code     0  startup_stm32f103xb.o(.text)
    TAMPER_IRQHandler                        0x080001b3   Thumb Code     0  startup_stm32f103xb.o(.text)
    TIM1_BRK_IRQHandler                      0x080001b3   Thumb Code     0  startup_stm32f103xb.o(.text)
    TIM1_CC_IRQHandler                       0x080001b3   Thumb Code     0  startup_stm32f103xb.o(.text)
    TIM1_TRG_COM_IRQHandler                  0x080001b3   Thumb Code     0  startup_stm32f103xb.o(.text)
    TIM2_IRQHandler                          0x080001b3   Thumb Code     0  startup_stm32f103xb.o(.text)
    TIM3_IRQHandler                          0x080001b3   Thumb Code     0  startup_stm32f103xb.o(.text)
    TIM4_IRQHandler                          0x080001b3   Thumb Code     0  startup_stm32f103xb.o(.text)
    USART2_IRQHandler                        0x080001b3   Thumb Code     0  startup_stm32f103xb.o(.text)
    USART3_IRQHandler                        0x080001b3   Thumb Code     0  startup_stm32f103xb.o(.text)
    USBWakeUp_IRQHandler                     0x080001b3   Thumb Code     0  startup_stm32f103xb.o(.text)
    USB_HP_CAN1_TX_IRQHandler                0x080001b3   Thumb Code     0  startup_stm32f103xb.o(.text)
    USB_LP_CAN1_RX0_IRQHandler               0x080001b3   Thumb Code     0  startup_stm32f103xb.o(.text)
    WWDG_IRQHandler                          0x080001b3   Thumb Code     0  startup_stm32f103xb.o(.text)
    __aeabi_llsr                             0x080001bd   Thumb Code    32  llushr.o(.text)
    _ll_ushift_r                             0x080001bd   Thumb Code     0  llushr.o(.text)
    __aeabi_memcpy                           0x080001dd   Thumb Code    36  memcpya.o(.text)
    __aeabi_memcpy4                          0x080001dd   Thumb Code     0  memcpya.o(.text)
    __aeabi_memcpy8                          0x080001dd   Thumb Code     0  memcpya.o(.text)
    __aeabi_memset                           0x08000201   Thumb Code    14  memseta.o(.text)
    __aeabi_memset4                          0x08000201   Thumb Code     0  memseta.o(.text)
    __aeabi_memset8                          0x08000201   Thumb Code     0  memseta.o(.text)
    __aeabi_memclr                           0x0800020f   Thumb Code     4  memseta.o(.text)
    __aeabi_memclr4                          0x0800020f   Thumb Code     0  memseta.o(.text)
    __aeabi_memclr8                          0x0800020f   Thumb Code     0  memseta.o(.text)
    memset                                   0x08000213   Thumb Code    18  memseta.o(.text)
    __aeabi_fadd                             0x08000225   Thumb Code   164  fadd.o(.text)
    __aeabi_fsub                             0x080002c9   Thumb Code     6  fadd.o(.text)
    __aeabi_frsub                            0x080002cf   Thumb Code     6  fadd.o(.text)
    __aeabi_fmul                             0x080002d5   Thumb Code   100  fmul.o(.text)
    __aeabi_dadd                             0x08000339   Thumb Code   322  dadd.o(.text)
    __aeabi_dsub                             0x0800047b   Thumb Code     6  dadd.o(.text)
    __aeabi_drsub                            0x08000481   Thumb Code     6  dadd.o(.text)
    __aeabi_dmul                             0x08000487   Thumb Code   228  dmul.o(.text)
    __aeabi_ddiv                             0x0800056b   Thumb Code   222  ddiv.o(.text)
    __ARM_scalbn                             0x08000649   Thumb Code    46  dscalb.o(.text)
    scalbn                                   0x08000649   Thumb Code     0  dscalb.o(.text)
    __aeabi_i2d                              0x08000677   Thumb Code    34  dflti.o(.text)
    __aeabi_f2iz                             0x08000699   Thumb Code    50  ffixi.o(.text)
    __aeabi_f2d                              0x080006cb   Thumb Code    38  f2d.o(.text)
    __aeabi_d2f                              0x080006f1   Thumb Code    56  d2f.o(.text)
    __aeabi_uidiv                            0x08000729   Thumb Code     0  uidiv.o(.text)
    __aeabi_uidivmod                         0x08000729   Thumb Code    44  uidiv.o(.text)
    __aeabi_llsl                             0x08000755   Thumb Code    30  llshl.o(.text)
    _ll_shift_l                              0x08000755   Thumb Code     0  llshl.o(.text)
    __aeabi_lasr                             0x08000773   Thumb Code    36  llsshr.o(.text)
    _ll_sshift_r                             0x08000773   Thumb Code     0  llsshr.o(.text)
    __I$use$fp                               0x08000797   Thumb Code     0  iusefp.o(.text)
    _float_round                             0x08000797   Thumb Code    18  fepilogue.o(.text)
    _float_epilogue                          0x080007a9   Thumb Code    92  fepilogue.o(.text)
    _double_round                            0x08000805   Thumb Code    30  depilogue.o(.text)
    _double_epilogue                         0x08000823   Thumb Code   156  depilogue.o(.text)
    __scatterload                            0x080008c1   Thumb Code    28  init.o(.text)
    __scatterload_rt2                        0x080008c1   Thumb Code     0  init.o(.text)
    AngleCalculate                           0x080008e5   Thumb Code   356  control.o(i.AngleCalculate)
    BusFault_Handler                         0x08000a71   Thumb Code     2  stm32f1xx_it.o(i.BusFault_Handler)
    CLAMP                                    0x08000a73   Thumb Code    22  freertos.o(i.CLAMP)
    ComplementaryFilter                      0x08000a89   Thumb Code    58  filter.o(i.ComplementaryFilter)
    DebugMon_Handler                         0x08000ad1   Thumb Code     2  stm32f1xx_it.o(i.DebugMon_Handler)
    Error_Handler                            0x08000ad3   Thumb Code     4  main.o(i.Error_Handler)
    GetMpuData                               0x08000ad9   Thumb Code    28  control.o(i.GetMpuData)
    HAL_DMA_Abort                            0x08000af9   Thumb Code    70  stm32f1xx_hal_dma.o(i.HAL_DMA_Abort)
    HAL_DMA_Abort_IT                         0x08000b41   Thumb Code   148  stm32f1xx_hal_dma.o(i.HAL_DMA_Abort_IT)
    HAL_Delay                                0x08000bd9   Thumb Code    32  stm32f1xx_hal.o(i.HAL_Delay)
    HAL_GPIO_Init                            0x08000bfd   Thumb Code   446  stm32f1xx_hal_gpio.o(i.HAL_GPIO_Init)
    HAL_GPIO_ReadPin                         0x08000ddd   Thumb Code    10  stm32f1xx_hal_gpio.o(i.HAL_GPIO_ReadPin)
    HAL_GPIO_TogglePin                       0x08000de7   Thumb Code    16  stm32f1xx_hal_gpio.o(i.HAL_GPIO_TogglePin)
    HAL_GPIO_WritePin                        0x08000df7   Thumb Code    10  stm32f1xx_hal_gpio.o(i.HAL_GPIO_WritePin)
    HAL_GetTick                              0x08000e01   Thumb Code     6  stm32f1xx_hal.o(i.HAL_GetTick)
    HAL_I2C_Init                             0x08000e0d   Thumb Code   376  stm32f1xx_hal_i2c.o(i.HAL_I2C_Init)
    HAL_I2C_Mem_Read                         0x08000f95   Thumb Code   574  stm32f1xx_hal_i2c.o(i.HAL_I2C_Mem_Read)
    HAL_I2C_Mem_Write                        0x080011e5   Thumb Code   294  stm32f1xx_hal_i2c.o(i.HAL_I2C_Mem_Write)
    HAL_I2C_MspInit                          0x08001315   Thumb Code    82  i2c.o(i.HAL_I2C_MspInit)
    HAL_IncTick                              0x08001375   Thumb Code    12  stm32f1xx_hal.o(i.HAL_IncTick)
    HAL_Init                                 0x08001385   Thumb Code    32  stm32f1xx_hal.o(i.HAL_Init)
    HAL_InitTick                             0x080013a9   Thumb Code   118  stm32f1xx_hal_timebase_tim.o(i.HAL_InitTick)
    HAL_MspInit                              0x08001435   Thumb Code    62  stm32f1xx_hal_msp.o(i.HAL_MspInit)
    HAL_NVIC_EnableIRQ                       0x0800147d   Thumb Code    26  stm32f1xx_hal_cortex.o(i.HAL_NVIC_EnableIRQ)
    HAL_NVIC_SetPriority                     0x08001499   Thumb Code    60  stm32f1xx_hal_cortex.o(i.HAL_NVIC_SetPriority)
    HAL_NVIC_SetPriorityGrouping             0x080014d9   Thumb Code    26  stm32f1xx_hal_cortex.o(i.HAL_NVIC_SetPriorityGrouping)
    HAL_RCC_ClockConfig                      0x080014fd   Thumb Code   280  stm32f1xx_hal_rcc.o(i.HAL_RCC_ClockConfig)
    HAL_RCC_GetClockConfig                   0x08001629   Thumb Code    54  stm32f1xx_hal_rcc.o(i.HAL_RCC_GetClockConfig)
    HAL_RCC_GetPCLK1Freq                     0x08001669   Thumb Code    20  stm32f1xx_hal_rcc.o(i.HAL_RCC_GetPCLK1Freq)
    HAL_RCC_GetPCLK2Freq                     0x08001689   Thumb Code    20  stm32f1xx_hal_rcc.o(i.HAL_RCC_GetPCLK2Freq)
    HAL_RCC_GetSysClockFreq                  0x080016a9   Thumb Code    58  stm32f1xx_hal_rcc.o(i.HAL_RCC_GetSysClockFreq)
    HAL_RCC_OscConfig                        0x080016f5   Thumb Code   778  stm32f1xx_hal_rcc.o(i.HAL_RCC_OscConfig)
    HAL_SPI_Init                             0x08001a15   Thumb Code   178  stm32f1xx_hal_spi.o(i.HAL_SPI_Init)
    HAL_SPI_MspInit                          0x08001ac9   Thumb Code   102  spi.o(i.HAL_SPI_MspInit)
    HAL_SPI_TransmitReceive                  0x08001b3d   Thumb Code   494  stm32f1xx_hal_spi.o(i.HAL_SPI_TransmitReceive)
    HAL_TIMEx_BreakCallback                  0x08001d2b   Thumb Code     2  stm32f1xx_hal_tim_ex.o(i.HAL_TIMEx_BreakCallback)
    HAL_TIMEx_CommutCallback                 0x08001d2d   Thumb Code     2  stm32f1xx_hal_tim_ex.o(i.HAL_TIMEx_CommutCallback)
    HAL_TIMEx_MasterConfigSynchronization    0x08001d31   Thumb Code    92  stm32f1xx_hal_tim_ex.o(i.HAL_TIMEx_MasterConfigSynchronization)
    HAL_TIM_Base_Init                        0x08001d99   Thumb Code    90  stm32f1xx_hal_tim.o(i.HAL_TIM_Base_Init)
    HAL_TIM_Base_MspInit                     0x08001df3   Thumb Code     2  stm32f1xx_hal_tim.o(i.HAL_TIM_Base_MspInit)
    HAL_TIM_Base_Start_IT                    0x08001df5   Thumb Code    76  stm32f1xx_hal_tim.o(i.HAL_TIM_Base_Start_IT)
    HAL_TIM_IC_CaptureCallback               0x08001e4d   Thumb Code     2  stm32f1xx_hal_tim.o(i.HAL_TIM_IC_CaptureCallback)
    HAL_TIM_IRQHandler                       0x08001e4f   Thumb Code   358  stm32f1xx_hal_tim.o(i.HAL_TIM_IRQHandler)
    HAL_TIM_MspPostInit                      0x08001fb5   Thumb Code    62  tim.o(i.HAL_TIM_MspPostInit)
    HAL_TIM_OC_DelayElapsedCallback          0x08001ffd   Thumb Code     2  stm32f1xx_hal_tim.o(i.HAL_TIM_OC_DelayElapsedCallback)
    HAL_TIM_PWM_ConfigChannel                0x08001fff   Thumb Code   204  stm32f1xx_hal_tim.o(i.HAL_TIM_PWM_ConfigChannel)
    HAL_TIM_PWM_Init                         0x080020cb   Thumb Code    90  stm32f1xx_hal_tim.o(i.HAL_TIM_PWM_Init)
    HAL_TIM_PWM_MspInit                      0x08002125   Thumb Code    30  tim.o(i.HAL_TIM_PWM_MspInit)
    HAL_TIM_PWM_PulseFinishedCallback        0x08002149   Thumb Code     2  stm32f1xx_hal_tim.o(i.HAL_TIM_PWM_PulseFinishedCallback)
    HAL_TIM_PWM_Start                        0x0800214d   Thumb Code   144  stm32f1xx_hal_tim.o(i.HAL_TIM_PWM_Start)
    HAL_TIM_PeriodElapsedCallback            0x080021e9   Thumb Code    14  main.o(i.HAL_TIM_PeriodElapsedCallback)
    HAL_TIM_TriggerCallback                  0x080021fd   Thumb Code     2  stm32f1xx_hal_tim.o(i.HAL_TIM_TriggerCallback)
    HAL_UARTEx_RxEventCallback               0x080021ff   Thumb Code     2  stm32f1xx_hal_uart.o(i.HAL_UARTEx_RxEventCallback)
    HAL_UART_ErrorCallback                   0x08002201   Thumb Code     2  stm32f1xx_hal_uart.o(i.HAL_UART_ErrorCallback)
    HAL_UART_IRQHandler                      0x08002205   Thumb Code   616  stm32f1xx_hal_uart.o(i.HAL_UART_IRQHandler)
    HAL_UART_Init                            0x08002471   Thumb Code   100  stm32f1xx_hal_uart.o(i.HAL_UART_Init)
    HAL_UART_MspInit                         0x080024d5   Thumb Code   116  usart.o(i.HAL_UART_MspInit)
    HAL_UART_Receive_IT                      0x08002555   Thumb Code    28  stm32f1xx_hal_uart.o(i.HAL_UART_Receive_IT)
    HAL_UART_RxCpltCallback                  0x08002571   Thumb Code    36  freertos.o(i.HAL_UART_RxCpltCallback)
    HAL_UART_Transmit                        0x080025a5   Thumb Code   154  stm32f1xx_hal_uart.o(i.HAL_UART_Transmit)
    HAL_UART_TxCpltCallback                  0x0800263f   Thumb Code     2  stm32f1xx_hal_uart.o(i.HAL_UART_TxCpltCallback)
    HardFault_Handler                        0x08002641   Thumb Code     2  stm32f1xx_it.o(i.HardFault_Handler)
    MPU_Get_Accelerometer                    0x08002a7f   Thumb Code    48  mpu6050.o(i.MPU_Get_Accelerometer)
    MPU_Get_Gyroscope                        0x08002aaf   Thumb Code    48  mpu6050.o(i.MPU_Get_Gyroscope)
    MPU_Init                                 0x08002ae1   Thumb Code   114  mpu6050.o(i.MPU_Init)
    MPU_Read_Byte                            0x08002b59   Thumb Code    46  mpu6050.o(i.MPU_Read_Byte)
    MPU_Read_Len                             0x08002b8d   Thumb Code    28  mpu6050.o(i.MPU_Read_Len)
    MPU_Set_Accel_Fsr                        0x08002bad   Thumb Code    10  mpu6050.o(i.MPU_Set_Accel_Fsr)
    MPU_Set_Gyro_Fsr                         0x08002bb7   Thumb Code    10  mpu6050.o(i.MPU_Set_Gyro_Fsr)
    MPU_Set_LPF                              0x08002bc1   Thumb Code    48  mpu6050.o(i.MPU_Set_LPF)
    MPU_Set_Rate                             0x08002bf1   Thumb Code    46  mpu6050.o(i.MPU_Set_Rate)
    MPU_Write_Byte                           0x08002c21   Thumb Code    42  mpu6050.o(i.MPU_Write_Byte)
    MX_FREERTOS_Init                         0x08002c51   Thumb Code    96  freertos.o(i.MX_FREERTOS_Init)
    MX_GPIO_Init                             0x08002cb9   Thumb Code   160  gpio.o(i.MX_GPIO_Init)
    MX_I2C2_Init                             0x08002d65   Thumb Code    50  i2c.o(i.MX_I2C2_Init)
    MX_SPI2_Init                             0x08002da5   Thumb Code    60  spi.o(i.MX_SPI2_Init)
    MX_TIM2_Init                             0x08002de9   Thumb Code   154  tim.o(i.MX_TIM2_Init)
    MX_USART1_UART_Init                      0x08002e89   Thumb Code    48  usart.o(i.MX_USART1_UART_Init)
    MemManage_Handler                        0x08002ec1   Thumb Code     2  stm32f1xx_it.o(i.MemManage_Handler)
    NMI_Handler                              0x08002ec3   Thumb Code     2  stm32f1xx_it.o(i.NMI_Handler)
    NRF24L01_Check                           0x08002ec5   Thumb Code    68  nrf24l01.o(i.NRF24L01_Check)
    NRF24L01_Init                            0x08002f11   Thumb Code   108  nrf24l01.o(i.NRF24L01_Init)
    NRF24L01_Read_Buf                        0x08002ff5   Thumb Code    76  nrf24l01.o(i.NRF24L01_Read_Buf)
    NRF24L01_Read_Reg                        0x08003049   Thumb Code    52  nrf24l01.o(i.NRF24L01_Read_Reg)
    NRF24L01_SPI_Init                        0x08003085   Thumb Code    38  nrf24l01.o(i.NRF24L01_SPI_Init)
    NRF24L01_TX_Mode                         0x080030b1   Thumb Code   108  nrf24l01.o(i.NRF24L01_TX_Mode)
    NRF24L01_TxPacket                        0x08003125   Thumb Code   104  nrf24l01.o(i.NRF24L01_TxPacket)
    NRF24L01_Write_Buf                       0x08003191   Thumb Code    78  nrf24l01.o(i.NRF24L01_Write_Buf)
    NRF24L01_Write_Reg                       0x080031e9   Thumb Code    58  nrf24l01.o(i.NRF24L01_Write_Reg)
    SPIx_ReadWriteByte                       0x08003339   Thumb Code    32  nrf24l01.o(i.SPIx_ReadWriteByte)
    Servo_init                               0x08003359   Thumb Code    18  servo.o(i.Servo_init)
    StartDefaultTask                         0x0800336b   Thumb Code     8  freertos.o(i.StartDefaultTask)
    Start_Servo_Task                         0x08003375   Thumb Code   202  freertos.o(i.Start_Servo_Task)
    Start_UART_Task                          0x080034ad   Thumb Code    16  freertos.o(i.Start_UART_Task)
    SysTick_Handler                          0x080034bd   Thumb Code    38  port.o(i.SysTick_Handler)
    SystemClock_Config                       0x080034e9   Thumb Code    94  main.o(i.SystemClock_Config)
    SystemInit                               0x08003547   Thumb Code     2  system_stm32f1xx.o(i.SystemInit)
    TIM1_UP_IRQHandler                       0x08003549   Thumb Code     6  stm32f1xx_it.o(i.TIM1_UP_IRQHandler)
    TIM_Base_SetConfig                       0x08003555   Thumb Code    94  stm32f1xx_hal_tim.o(i.TIM_Base_SetConfig)
    TIM_CCxChannelCmd                        0x080035c1   Thumb Code    26  stm32f1xx_hal_tim.o(i.TIM_CCxChannelCmd)
    TIM_OC2_SetConfig                        0x0800362d   Thumb Code    84  stm32f1xx_hal_tim.o(i.TIM_OC2_SetConfig)
    UART_Start_Receive_IT                    0x080038f9   Thumb Code    54  stm32f1xx_hal_uart.o(i.UART_Start_Receive_IT)
    USART1_IRQHandler                        0x080039a9   Thumb Code     6  stm32f1xx_it.o(i.USART1_IRQHandler)
    UsageFault_Handler                       0x080039b5   Thumb Code     2  stm32f1xx_it.o(i.UsageFault_Handler)
    __0printf$1                              0x080039b9   Thumb Code    22  printf1.o(i.__0printf$1)
    __1printf$1                              0x080039b9   Thumb Code     0  printf1.o(i.__0printf$1)
    __2printf                                0x080039b9   Thumb Code     0  printf1.o(i.__0printf$1)
    __ARM_fpclassify                         0x080039d9   Thumb Code    40  fpclassify.o(i.__ARM_fpclassify)
    __kernel_poly                            0x08003a21   Thumb Code   170  poly.o(i.__kernel_poly)
    __mathlib_dbl_infnan                     0x08003acb   Thumb Code     6  dunder.o(i.__mathlib_dbl_infnan)
    __mathlib_dbl_infnan2                    0x08003ad1   Thumb Code     4  dunder.o(i.__mathlib_dbl_infnan2)
    __mathlib_dbl_underflow                  0x08003ad5   Thumb Code    10  dunder.o(i.__mathlib_dbl_underflow)
    __scatterload_copy                       0x08003ae5   Thumb Code    14  handlers.o(i.__scatterload_copy)
    __scatterload_null                       0x08003af3   Thumb Code     2  handlers.o(i.__scatterload_null)
    __scatterload_zeroinit                   0x08003af5   Thumb Code    14  handlers.o(i.__scatterload_zeroinit)
    atan                                     0x08003c59   Thumb Code   474  atan.o(i.atan)
    atan2                                    0x08003e79   Thumb Code   346  atan2.o(i.atan2)
    fputc                                    0x08003ff9   Thumb Code    18  usart.o(i.fputc)
    main                                     0x08004011   Thumb Code   100  main.o(i.main)
    osDelay                                  0x0800408d   Thumb Code    14  cmsis_os.o(i.osDelay)
    osKernelStart                            0x0800409b   Thumb Code    10  cmsis_os.o(i.osKernelStart)
    osMessageCreate                          0x080040a5   Thumb Code    38  cmsis_os.o(i.osMessageCreate)
    osThreadCreate                           0x080040cb   Thumb Code    84  cmsis_os.o(i.osThreadCreate)
    pvPortMalloc                             0x08004479   Thumb Code   210  heap_4.o(i.pvPortMalloc)
    pxPortInitialiseStack                    0x08004551   Thumb Code    32  port.o(i.pxPortInitialiseStack)
    uxListRemove                             0x08004575   Thumb Code    38  list.o(i.uxListRemove)
    vApplicationGetIdleTaskMemory            0x0800459d   Thumb Code    16  freertos.o(i.vApplicationGetIdleTaskMemory)
    vListInitialise                          0x080045b1   Thumb Code    22  list.o(i.vListInitialise)
    vListInitialiseItem                      0x080045c7   Thumb Code     6  list.o(i.vListInitialiseItem)
    vListInsert                              0x080045cd   Thumb Code    48  list.o(i.vListInsert)
    vListInsertEnd                           0x080045fd   Thumb Code    24  list.o(i.vListInsertEnd)
    vPortEnterCritical                       0x08004615   Thumb Code    54  port.o(i.vPortEnterCritical)
    vPortExitCritical                        0x08004655   Thumb Code    34  port.o(i.vPortExitCritical)
    vPortFree                                0x0800467d   Thumb Code    88  heap_4.o(i.vPortFree)
    vPortSetupTimerInterrupt                 0x080046d9   Thumb Code    32  port.o(i.vPortSetupTimerInterrupt)
    vTaskDelay                               0x080046fd   Thumb Code    66  tasks.o(i.vTaskDelay)
    vTaskStartScheduler                      0x08004749   Thumb Code    90  tasks.o(i.vTaskStartScheduler)
    vTaskSuspendAll                          0x080047b5   Thumb Code    10  tasks.o(i.vTaskSuspendAll)
    vTaskSwitchContext                       0x080047c5   Thumb Code    82  tasks.o(i.vTaskSwitchContext)
    xPortStartScheduler                      0x08004821   Thumb Code   154  port.o(i.xPortStartScheduler)
    xQueueGenericCreate                      0x080048c9   Thumb Code    72  queue.o(i.xQueueGenericCreate)
    xQueueGenericCreateStatic                0x08004911   Thumb Code   102  queue.o(i.xQueueGenericCreateStatic)
    xQueueGenericReset                       0x08004979   Thumb Code   132  queue.o(i.xQueueGenericReset)
    xTaskCreate                              0x08004a01   Thumb Code    90  tasks.o(i.xTaskCreate)
    xTaskCreateStatic                        0x08004a5b   Thumb Code    86  tasks.o(i.xTaskCreateStatic)
    xTaskIncrementTick                       0x08004ab1   Thumb Code   192  tasks.o(i.xTaskIncrementTick)
    xTaskRemoveFromEventList                 0x08004b79   Thumb Code   108  tasks.o(i.xTaskRemoveFromEventList)
    xTaskResumeAll                           0x08004bed   Thumb Code   182  tasks.o(i.xTaskResumeAll)
    TX_ADDRESS                               0x08004cb0   Data           5  nrf24l01.o(.constdata)
    RX_ADDRESS                               0x08004cb5   Data           5  nrf24l01.o(.constdata)
    AHBPrescTable                            0x08004d32   Data          16  system_stm32f1xx.o(.constdata)
    APBPrescTable                            0x08004d42   Data           8  system_stm32f1xx.o(.constdata)
    __mathlib_zero                           0x08004de8   Data           8  qnan.o(.constdata)
    Region$$Table$$Base                      0x08004e14   Number         0  anon$$obj.o(Region$$Table)
    Region$$Table$$Limit                     0x08004e34   Number         0  anon$$obj.o(Region$$Table)
    x_nAcc                                   0x20000000   Data           2  control.o(.data)
    y_nAcc                                   0x20000002   Data           2  control.o(.data)
    z_nAcc                                   0x20000004   Data           2  control.o(.data)
    x_nGyro                                  0x20000006   Data           2  control.o(.data)
    y_nGyro                                  0x20000008   Data           2  control.o(.data)
    z_nGyro                                  0x2000000a   Data           2  control.o(.data)
    dt                                       0x2000000c   Data           4  control.o(.data)
    x_fAcc                                   0x20000010   Data           4  control.o(.data)
    y_fAcc                                   0x20000014   Data           4  control.o(.data)
    z_fAcc                                   0x20000018   Data           4  control.o(.data)
    g_fAccAngle_pitch                        0x2000001c   Data           4  control.o(.data)
    g_fGyroAngleSpeed_pitch                  0x20000020   Data           4  control.o(.data)
    g_fCarAngle_pitch                        0x20000024   Data           4  control.o(.data)
    g_fGyroAngleSpeed_yaw                    0x20000028   Data           4  control.o(.data)
    g_fCarAngle_yaw                          0x2000002c   Data           4  control.o(.data)
    g_fAccAngle_roll                         0x20000030   Data           4  control.o(.data)
    g_fGyroAngleSpeed_roll                   0x20000034   Data           4  control.o(.data)
    g_fCarAngle_roll                         0x20000038   Data           4  control.o(.data)
    angle                                    0x2000003c   Data           4  filter.o(.data)
    a                                        0x20000040   Data           4  filter.o(.data)
    defaultTaskHandle                        0x20000048   Data           4  freertos.o(.data)
    UART_TaskHandle                          0x2000004c   Data           4  freertos.o(.data)
    Servo_TaskHandle                         0x20000050   Data           4  freertos.o(.data)
    UART2PWMHandle                           0x20000054   Data           4  freertos.o(.data)
    uwTickFreq                               0x20000058   Data           1  stm32f1xx_hal.o(.data)
    uwTickPrio                               0x2000005c   Data           4  stm32f1xx_hal.o(.data)
    uwTick                                   0x20000060   Data           4  stm32f1xx_hal.o(.data)
    SystemCoreClock                          0x20000064   Data           4  system_stm32f1xx.o(.data)
    pxCurrentTCB                             0x20000068   Data           4  tasks.o(.data)
    __stdout                                 0x200000c8   Data           4  stdout.o(.data)
    servos                                   0x200000cc   Data          14  main.o(.bss)
    tmp_buf                                  0x200000dc   Data          33  freertos.o(.bss)
    remote                                   0x200000fe   Data          34  freertos.o(.bss)
    hi2c2                                    0x20000374   Data          84  i2c.o(.bss)
    hspi2                                    0x200003c8   Data          88  spi.o(.bss)
    htim2                                    0x20000420   Data          72  tim.o(.bss)
    huart1                                   0x20000468   Data          72  usart.o(.bss)
    htim1                                    0x200004b0   Data          72  stm32f1xx_hal_timebase_tim.o(.bss)
    __initial_sp                             0x200015e8   Data           0  startup_stm32f103xb.o(STACK)



==============================================================================

Memory Map of the image

  Image Entry point : 0x080000ed

  Load Region LR_IROM1 (Base: 0x08000000, Size: 0x00004f00, Max: 0x00010000, ABSOLUTE)

    Execution Region ER_IROM1 (Exec base: 0x08000000, Load base: 0x08000000, Size: 0x00004e34, Max: 0x00010000, ABSOLUTE)

    Exec Addr    Load Addr    Size         Type   Attr      Idx    E Section Name        Object

    0x08000000   0x08000000   0x000000ec   Data   RO            3    RESET               startup_stm32f103xb.o
    0x080000ec   0x080000ec   0x00000000   Code   RO         5362  * .ARM.Collect$$$$00000000  mc_w.l(entry.o)
    0x080000ec   0x080000ec   0x00000004   Code   RO         5687    .ARM.Collect$$$$00000001  mc_w.l(entry2.o)
    0x080000f0   0x080000f0   0x00000004   Code   RO         5690    .ARM.Collect$$$$00000004  mc_w.l(entry5.o)
    0x080000f4   0x080000f4   0x00000000   Code   RO         5692    .ARM.Collect$$$$00000008  mc_w.l(entry7b.o)
    0x080000f4   0x080000f4   0x00000000   Code   RO         5694    .ARM.Collect$$$$0000000A  mc_w.l(entry8b.o)
    0x080000f4   0x080000f4   0x00000008   Code   RO         5695    .ARM.Collect$$$$0000000B  mc_w.l(entry9a.o)
    0x080000fc   0x080000fc   0x00000000   Code   RO         5697    .ARM.Collect$$$$0000000D  mc_w.l(entry10a.o)
    0x080000fc   0x080000fc   0x00000000   Code   RO         5699    .ARM.Collect$$$$0000000F  mc_w.l(entry11a.o)
    0x080000fc   0x080000fc   0x00000004   Code   RO         5688    .ARM.Collect$$$$00002712  mc_w.l(entry2.o)
    0x08000100   0x08000100   0x00000096   Code   RO         5277    .emb_text           port.o
    0x08000196   0x08000196   0x00000002   PAD
    0x08000198   0x08000198   0x00000024   Code   RO            4    .text               startup_stm32f103xb.o
    0x080001bc   0x080001bc   0x00000020   Code   RO         5365    .text               mc_w.l(llushr.o)
    0x080001dc   0x080001dc   0x00000024   Code   RO         5367    .text               mc_w.l(memcpya.o)
    0x08000200   0x08000200   0x00000024   Code   RO         5371    .text               mc_w.l(memseta.o)
    0x08000224   0x08000224   0x000000b0   Code   RO         5636    .text               mf_w.l(fadd.o)
    0x080002d4   0x080002d4   0x00000064   Code   RO         5638    .text               mf_w.l(fmul.o)
    0x08000338   0x08000338   0x0000014e   Code   RO         5642    .text               mf_w.l(dadd.o)
    0x08000486   0x08000486   0x000000e4   Code   RO         5644    .text               mf_w.l(dmul.o)
    0x0800056a   0x0800056a   0x000000de   Code   RO         5646    .text               mf_w.l(ddiv.o)
    0x08000648   0x08000648   0x0000002e   Code   RO         5648    .text               mf_w.l(dscalb.o)
    0x08000676   0x08000676   0x00000022   Code   RO         5650    .text               mf_w.l(dflti.o)
    0x08000698   0x08000698   0x00000032   Code   RO         5654    .text               mf_w.l(ffixi.o)
    0x080006ca   0x080006ca   0x00000026   Code   RO         5658    .text               mf_w.l(f2d.o)
    0x080006f0   0x080006f0   0x00000038   Code   RO         5660    .text               mf_w.l(d2f.o)
    0x08000728   0x08000728   0x0000002c   Code   RO         5702    .text               mc_w.l(uidiv.o)
    0x08000754   0x08000754   0x0000001e   Code   RO         5706    .text               mc_w.l(llshl.o)
    0x08000772   0x08000772   0x00000024   Code   RO         5708    .text               mc_w.l(llsshr.o)
    0x08000796   0x08000796   0x00000000   Code   RO         5717    .text               mc_w.l(iusefp.o)
    0x08000796   0x08000796   0x0000006e   Code   RO         5718    .text               mf_w.l(fepilogue.o)
    0x08000804   0x08000804   0x000000ba   Code   RO         5720    .text               mf_w.l(depilogue.o)
    0x080008be   0x080008be   0x00000002   PAD
    0x080008c0   0x080008c0   0x00000024   Code   RO         5730    .text               mc_w.l(init.o)
    0x080008e4   0x080008e4   0x0000018c   Code   RO          270    i.AngleCalculate    control.o
    0x08000a70   0x08000a70   0x00000002   Code   RO          811    i.BusFault_Handler  stm32f1xx_it.o
    0x08000a72   0x08000a72   0x00000016   Code   RO          554    i.CLAMP             freertos.o
    0x08000a88   0x08000a88   0x00000048   Code   RO          316    i.ComplementaryFilter  filter.o
    0x08000ad0   0x08000ad0   0x00000002   Code   RO          812    i.DebugMon_Handler  stm32f1xx_it.o
    0x08000ad2   0x08000ad2   0x00000004   Code   RO          429    i.Error_Handler     main.o
    0x08000ad6   0x08000ad6   0x00000002   PAD
    0x08000ad8   0x08000ad8   0x00000020   Code   RO          271    i.GetMpuData        control.o
    0x08000af8   0x08000af8   0x00000046   Code   RO         1361    i.HAL_DMA_Abort     stm32f1xx_hal_dma.o
    0x08000b3e   0x08000b3e   0x00000002   PAD
    0x08000b40   0x08000b40   0x00000098   Code   RO         1362    i.HAL_DMA_Abort_IT  stm32f1xx_hal_dma.o
    0x08000bd8   0x08000bd8   0x00000024   Code   RO          987    i.HAL_Delay         stm32f1xx_hal.o
    0x08000bfc   0x08000bfc   0x000001e0   Code   RO         1297    i.HAL_GPIO_Init     stm32f1xx_hal_gpio.o
    0x08000ddc   0x08000ddc   0x0000000a   Code   RO         1299    i.HAL_GPIO_ReadPin  stm32f1xx_hal_gpio.o
    0x08000de6   0x08000de6   0x00000010   Code   RO         1300    i.HAL_GPIO_TogglePin  stm32f1xx_hal_gpio.o
    0x08000df6   0x08000df6   0x0000000a   Code   RO         1301    i.HAL_GPIO_WritePin  stm32f1xx_hal_gpio.o
    0x08000e00   0x08000e00   0x0000000c   Code   RO          991    i.HAL_GetTick       stm32f1xx_hal.o
    0x08000e0c   0x08000e0c   0x00000188   Code   RO         1968    i.HAL_I2C_Init      stm32f1xx_hal_i2c.o
    0x08000f94   0x08000f94   0x00000250   Code   RO         1986    i.HAL_I2C_Mem_Read  stm32f1xx_hal_i2c.o
    0x080011e4   0x080011e4   0x00000130   Code   RO         1989    i.HAL_I2C_Mem_Write  stm32f1xx_hal_i2c.o
    0x08001314   0x08001314   0x00000060   Code   RO          632    i.HAL_I2C_MspInit   i2c.o
    0x08001374   0x08001374   0x00000010   Code   RO          997    i.HAL_IncTick       stm32f1xx_hal.o
    0x08001384   0x08001384   0x00000024   Code   RO          998    i.HAL_Init          stm32f1xx_hal.o
    0x080013a8   0x080013a8   0x0000008c   Code   RO          905    i.HAL_InitTick      stm32f1xx_hal_timebase_tim.o
    0x08001434   0x08001434   0x00000048   Code   RO          881    i.HAL_MspInit       stm32f1xx_hal_msp.o
    0x0800147c   0x0800147c   0x0000001a   Code   RO         1457    i.HAL_NVIC_EnableIRQ  stm32f1xx_hal_cortex.o
    0x08001496   0x08001496   0x00000002   PAD
    0x08001498   0x08001498   0x00000040   Code   RO         1463    i.HAL_NVIC_SetPriority  stm32f1xx_hal_cortex.o
    0x080014d8   0x080014d8   0x00000024   Code   RO         1464    i.HAL_NVIC_SetPriorityGrouping  stm32f1xx_hal_cortex.o
    0x080014fc   0x080014fc   0x0000012c   Code   RO         1155    i.HAL_RCC_ClockConfig  stm32f1xx_hal_rcc.o
    0x08001628   0x08001628   0x00000040   Code   RO         1159    i.HAL_RCC_GetClockConfig  stm32f1xx_hal_rcc.o
    0x08001668   0x08001668   0x00000020   Code   RO         1162    i.HAL_RCC_GetPCLK1Freq  stm32f1xx_hal_rcc.o
    0x08001688   0x08001688   0x00000020   Code   RO         1163    i.HAL_RCC_GetPCLK2Freq  stm32f1xx_hal_rcc.o
    0x080016a8   0x080016a8   0x0000004c   Code   RO         1164    i.HAL_RCC_GetSysClockFreq  stm32f1xx_hal_rcc.o
    0x080016f4   0x080016f4   0x00000320   Code   RO         1167    i.HAL_RCC_OscConfig  stm32f1xx_hal_rcc.o
    0x08001a14   0x08001a14   0x000000b2   Code   RO         2405    i.HAL_SPI_Init      stm32f1xx_hal_spi.o
    0x08001ac6   0x08001ac6   0x00000002   PAD
    0x08001ac8   0x08001ac8   0x00000074   Code   RO          674    i.HAL_SPI_MspInit   spi.o
    0x08001b3c   0x08001b3c   0x000001ee   Code   RO         2414    i.HAL_SPI_TransmitReceive  stm32f1xx_hal_spi.o
    0x08001d2a   0x08001d2a   0x00000002   Code   RO         3422    i.HAL_TIMEx_BreakCallback  stm32f1xx_hal_tim_ex.o
    0x08001d2c   0x08001d2c   0x00000002   Code   RO         3423    i.HAL_TIMEx_CommutCallback  stm32f1xx_hal_tim_ex.o
    0x08001d2e   0x08001d2e   0x00000002   PAD
    0x08001d30   0x08001d30   0x00000068   Code   RO         3441    i.HAL_TIMEx_MasterConfigSynchronization  stm32f1xx_hal_tim_ex.o
    0x08001d98   0x08001d98   0x0000005a   Code   RO         2718    i.HAL_TIM_Base_Init  stm32f1xx_hal_tim.o
    0x08001df2   0x08001df2   0x00000002   Code   RO         2720    i.HAL_TIM_Base_MspInit  stm32f1xx_hal_tim.o
    0x08001df4   0x08001df4   0x00000058   Code   RO         2723    i.HAL_TIM_Base_Start_IT  stm32f1xx_hal_tim.o
    0x08001e4c   0x08001e4c   0x00000002   Code   RO         2752    i.HAL_TIM_IC_CaptureCallback  stm32f1xx_hal_tim.o
    0x08001e4e   0x08001e4e   0x00000166   Code   RO         2766    i.HAL_TIM_IRQHandler  stm32f1xx_hal_tim.o
    0x08001fb4   0x08001fb4   0x00000048   Code   RO          715    i.HAL_TIM_MspPostInit  tim.o
    0x08001ffc   0x08001ffc   0x00000002   Code   RO         2769    i.HAL_TIM_OC_DelayElapsedCallback  stm32f1xx_hal_tim.o
    0x08001ffe   0x08001ffe   0x000000cc   Code   RO         2790    i.HAL_TIM_PWM_ConfigChannel  stm32f1xx_hal_tim.o
    0x080020ca   0x080020ca   0x0000005a   Code   RO         2793    i.HAL_TIM_PWM_Init  stm32f1xx_hal_tim.o
    0x08002124   0x08002124   0x00000024   Code   RO          717    i.HAL_TIM_PWM_MspInit  tim.o
    0x08002148   0x08002148   0x00000002   Code   RO         2796    i.HAL_TIM_PWM_PulseFinishedCallback  stm32f1xx_hal_tim.o
    0x0800214a   0x0800214a   0x00000002   PAD
    0x0800214c   0x0800214c   0x0000009c   Code   RO         2798    i.HAL_TIM_PWM_Start  stm32f1xx_hal_tim.o
    0x080021e8   0x080021e8   0x00000014   Code   RO          430    i.HAL_TIM_PeriodElapsedCallback  main.o
    0x080021fc   0x080021fc   0x00000002   Code   RO         2809    i.HAL_TIM_TriggerCallback  stm32f1xx_hal_tim.o
    0x080021fe   0x080021fe   0x00000002   Code   RO         3701    i.HAL_UARTEx_RxEventCallback  stm32f1xx_hal_uart.o
    0x08002200   0x08002200   0x00000002   Code   RO         3715    i.HAL_UART_ErrorCallback  stm32f1xx_hal_uart.o
    0x08002202   0x08002202   0x00000002   PAD
    0x08002204   0x08002204   0x0000026c   Code   RO         3718    i.HAL_UART_IRQHandler  stm32f1xx_hal_uart.o
    0x08002470   0x08002470   0x00000064   Code   RO         3719    i.HAL_UART_Init     stm32f1xx_hal_uart.o
    0x080024d4   0x080024d4   0x00000080   Code   RO          764    i.HAL_UART_MspInit  usart.o
    0x08002554   0x08002554   0x0000001c   Code   RO         3724    i.HAL_UART_Receive_IT  stm32f1xx_hal_uart.o
    0x08002570   0x08002570   0x00000034   Code   RO          555    i.HAL_UART_RxCpltCallback  freertos.o
    0x080025a4   0x080025a4   0x0000009a   Code   RO         3727    i.HAL_UART_Transmit  stm32f1xx_hal_uart.o
    0x0800263e   0x0800263e   0x00000002   Code   RO         3730    i.HAL_UART_TxCpltCallback  stm32f1xx_hal_uart.o
    0x08002640   0x08002640   0x00000002   Code   RO          813    i.HardFault_Handler  stm32f1xx_it.o
    0x08002642   0x08002642   0x0000002e   Code   RO         2011    i.I2C_IsAcknowledgeFailed  stm32f1xx_hal_i2c.o
    0x08002670   0x08002670   0x000000fc   Code   RO         2021    i.I2C_RequestMemoryRead  stm32f1xx_hal_i2c.o
    0x0800276c   0x0800276c   0x000000a8   Code   RO         2022    i.I2C_RequestMemoryWrite  stm32f1xx_hal_i2c.o
    0x08002814   0x08002814   0x00000056   Code   RO         2026    i.I2C_WaitOnBTFFlagUntilTimeout  stm32f1xx_hal_i2c.o
    0x0800286a   0x0800286a   0x00000002   PAD
    0x0800286c   0x0800286c   0x00000090   Code   RO         2027    i.I2C_WaitOnFlagUntilTimeout  stm32f1xx_hal_i2c.o
    0x080028fc   0x080028fc   0x000000bc   Code   RO         2028    i.I2C_WaitOnMasterAddressFlagUntilTimeout  stm32f1xx_hal_i2c.o
    0x080029b8   0x080029b8   0x00000070   Code   RO         2029    i.I2C_WaitOnRXNEFlagUntilTimeout  stm32f1xx_hal_i2c.o
    0x08002a28   0x08002a28   0x00000056   Code   RO         2030    i.I2C_WaitOnTXEFlagUntilTimeout  stm32f1xx_hal_i2c.o
    0x08002a7e   0x08002a7e   0x00000030   Code   RO          334    i.MPU_Get_Accelerometer  mpu6050.o
    0x08002aae   0x08002aae   0x00000030   Code   RO          335    i.MPU_Get_Gyroscope  mpu6050.o
    0x08002ade   0x08002ade   0x00000002   PAD
    0x08002ae0   0x08002ae0   0x00000078   Code   RO          337    i.MPU_Init          mpu6050.o
    0x08002b58   0x08002b58   0x00000034   Code   RO          338    i.MPU_Read_Byte     mpu6050.o
    0x08002b8c   0x08002b8c   0x00000020   Code   RO          339    i.MPU_Read_Len      mpu6050.o
    0x08002bac   0x08002bac   0x0000000a   Code   RO          340    i.MPU_Set_Accel_Fsr  mpu6050.o
    0x08002bb6   0x08002bb6   0x0000000a   Code   RO          341    i.MPU_Set_Gyro_Fsr  mpu6050.o
    0x08002bc0   0x08002bc0   0x00000030   Code   RO          342    i.MPU_Set_LPF       mpu6050.o
    0x08002bf0   0x08002bf0   0x0000002e   Code   RO          343    i.MPU_Set_Rate      mpu6050.o
    0x08002c1e   0x08002c1e   0x00000002   PAD
    0x08002c20   0x08002c20   0x00000030   Code   RO          344    i.MPU_Write_Byte    mpu6050.o
    0x08002c50   0x08002c50   0x00000068   Code   RO          556    i.MX_FREERTOS_Init  freertos.o
    0x08002cb8   0x08002cb8   0x000000ac   Code   RO          530    i.MX_GPIO_Init      gpio.o
    0x08002d64   0x08002d64   0x00000040   Code   RO          633    i.MX_I2C2_Init      i2c.o
    0x08002da4   0x08002da4   0x00000044   Code   RO          675    i.MX_SPI2_Init      spi.o
    0x08002de8   0x08002de8   0x000000a0   Code   RO          718    i.MX_TIM2_Init      tim.o
    0x08002e88   0x08002e88   0x00000038   Code   RO          765    i.MX_USART1_UART_Init  usart.o
    0x08002ec0   0x08002ec0   0x00000002   Code   RO          814    i.MemManage_Handler  stm32f1xx_it.o
    0x08002ec2   0x08002ec2   0x00000002   Code   RO          815    i.NMI_Handler       stm32f1xx_it.o
    0x08002ec4   0x08002ec4   0x0000004c   Code   RO          159    i.NRF24L01_Check    nrf24l01.o
    0x08002f10   0x08002f10   0x000000e4   Code   RO          160    i.NRF24L01_Init     nrf24l01.o
    0x08002ff4   0x08002ff4   0x00000054   Code   RO          162    i.NRF24L01_Read_Buf  nrf24l01.o
    0x08003048   0x08003048   0x0000003c   Code   RO          163    i.NRF24L01_Read_Reg  nrf24l01.o
    0x08003084   0x08003084   0x0000002c   Code   RO          165    i.NRF24L01_SPI_Init  nrf24l01.o
    0x080030b0   0x080030b0   0x00000074   Code   RO          166    i.NRF24L01_TX_Mode  nrf24l01.o
    0x08003124   0x08003124   0x0000006c   Code   RO          167    i.NRF24L01_TxPacket  nrf24l01.o
    0x08003190   0x08003190   0x00000058   Code   RO          168    i.NRF24L01_Write_Buf  nrf24l01.o
    0x080031e8   0x080031e8   0x00000044   Code   RO          169    i.NRF24L01_Write_Reg  nrf24l01.o
    0x0800322c   0x0800322c   0x00000034   Code   RO          171    i.SPI1_SetSpeed     nrf24l01.o
    0x08003260   0x08003260   0x00000020   Code   RO         2443    i.SPI_EndRxTxTransaction  stm32f1xx_hal_spi.o
    0x08003280   0x08003280   0x000000b8   Code   RO         2448    i.SPI_WaitFlagStateUntilTimeout  stm32f1xx_hal_spi.o
    0x08003338   0x08003338   0x00000020   Code   RO          172    i.SPIx_ReadWriteByte  nrf24l01.o
    0x08003358   0x08003358   0x00000012   Code   RO           15    i.Servo_init        servo.o
    0x0800336a   0x0800336a   0x00000008   Code   RO          557    i.StartDefaultTask  freertos.o
    0x08003372   0x08003372   0x00000002   PAD
    0x08003374   0x08003374   0x00000138   Code   RO          558    i.Start_Servo_Task  freertos.o
    0x080034ac   0x080034ac   0x00000010   Code   RO          559    i.Start_UART_Task   freertos.o
    0x080034bc   0x080034bc   0x0000002c   Code   RO         5278    i.SysTick_Handler   port.o
    0x080034e8   0x080034e8   0x0000005e   Code   RO          431    i.SystemClock_Config  main.o
    0x08003546   0x08003546   0x00000002   Code   RO         4053    i.SystemInit        system_stm32f1xx.o
    0x08003548   0x08003548   0x0000000c   Code   RO          816    i.TIM1_UP_IRQHandler  stm32f1xx_it.o
    0x08003554   0x08003554   0x0000006c   Code   RO         2811    i.TIM_Base_SetConfig  stm32f1xx_hal_tim.o
    0x080035c0   0x080035c0   0x0000001a   Code   RO         2812    i.TIM_CCxChannelCmd  stm32f1xx_hal_tim.o
    0x080035da   0x080035da   0x00000002   PAD
    0x080035dc   0x080035dc   0x00000050   Code   RO         2824    i.TIM_OC1_SetConfig  stm32f1xx_hal_tim.o
    0x0800362c   0x0800362c   0x00000058   Code   RO         2825    i.TIM_OC2_SetConfig  stm32f1xx_hal_tim.o
    0x08003684   0x08003684   0x00000058   Code   RO         2826    i.TIM_OC3_SetConfig  stm32f1xx_hal_tim.o
    0x080036dc   0x080036dc   0x00000044   Code   RO         2827    i.TIM_OC4_SetConfig  stm32f1xx_hal_tim.o
    0x08003720   0x08003720   0x00000010   Code   RO         3732    i.UART_DMAAbortOnError  stm32f1xx_hal_uart.o
    0x08003730   0x08003730   0x0000004e   Code   RO         3742    i.UART_EndRxTransfer  stm32f1xx_hal_uart.o
    0x0800377e   0x0800377e   0x000000c2   Code   RO         3744    i.UART_Receive_IT   stm32f1xx_hal_uart.o
    0x08003840   0x08003840   0x000000b8   Code   RO         3745    i.UART_SetConfig    stm32f1xx_hal_uart.o
    0x080038f8   0x080038f8   0x00000036   Code   RO         3747    i.UART_Start_Receive_IT  stm32f1xx_hal_uart.o
    0x0800392e   0x0800392e   0x00000078   Code   RO         3748    i.UART_WaitOnFlagUntilTimeout  stm32f1xx_hal_uart.o
    0x080039a6   0x080039a6   0x00000002   PAD
    0x080039a8   0x080039a8   0x0000000c   Code   RO          817    i.USART1_IRQHandler  stm32f1xx_it.o
    0x080039b4   0x080039b4   0x00000002   Code   RO          818    i.UsageFault_Handler  stm32f1xx_it.o
    0x080039b6   0x080039b6   0x00000002   PAD
    0x080039b8   0x080039b8   0x00000020   Code   RO         5420    i.__0printf$1       mc_w.l(printf1.o)
    0x080039d8   0x080039d8   0x00000028   Code   RO         5726    i.__ARM_fpclassify  m_ws.l(fpclassify.o)
    0x08003a00   0x08003a00   0x00000020   Code   RO         1470    i.__NVIC_SetPriority  stm32f1xx_hal_cortex.o
    0x08003a20   0x08003a20   0x000000aa   Code   RO         5728    i.__kernel_poly     m_ws.l(poly.o)
    0x08003aca   0x08003aca   0x00000006   Code   RO         5673    i.__mathlib_dbl_infnan  m_ws.l(dunder.o)
    0x08003ad0   0x08003ad0   0x00000004   Code   RO         5674    i.__mathlib_dbl_infnan2  m_ws.l(dunder.o)
    0x08003ad4   0x08003ad4   0x00000010   Code   RO         5678    i.__mathlib_dbl_underflow  m_ws.l(dunder.o)
    0x08003ae4   0x08003ae4   0x0000000e   Code   RO         5734    i.__scatterload_copy  mc_w.l(handlers.o)
    0x08003af2   0x08003af2   0x00000002   Code   RO         5735    i.__scatterload_null  mc_w.l(handlers.o)
    0x08003af4   0x08003af4   0x0000000e   Code   RO         5736    i.__scatterload_zeroinit  mc_w.l(handlers.o)
    0x08003b02   0x08003b02   0x00000002   PAD
    0x08003b04   0x08003b04   0x00000154   Code   RO         5427    i._printf_core      mc_w.l(printf1.o)
    0x08003c58   0x08003c58   0x00000220   Code   RO         5663    i.atan              m_ws.l(atan.o)
    0x08003e78   0x08003e78   0x00000180   Code   RO         5355    i.atan2             m_ws.l(atan2.o)
    0x08003ff8   0x08003ff8   0x00000018   Code   RO          766    i.fputc             usart.o
    0x08004010   0x08004010   0x00000070   Code   RO          432    i.main              main.o
    0x08004080   0x08004080   0x0000000c   Code   RO         4849    i.makeFreeRtosPriority  cmsis_os.o
    0x0800408c   0x0800408c   0x0000000e   Code   RO         4851    i.osDelay           cmsis_os.o
    0x0800409a   0x0800409a   0x0000000a   Code   RO         4854    i.osKernelStart     cmsis_os.o
    0x080040a4   0x080040a4   0x00000026   Code   RO         4863    i.osMessageCreate   cmsis_os.o
    0x080040ca   0x080040ca   0x00000054   Code   RO         4888    i.osThreadCreate    cmsis_os.o
    0x0800411e   0x0800411e   0x00000002   PAD
    0x08004120   0x08004120   0x00000070   Code   RO         4546    i.prvAddCurrentTaskToDelayedList  tasks.o
    0x08004190   0x08004190   0x000000d0   Code   RO         4547    i.prvAddNewTaskToReadyList  tasks.o
    0x08004260   0x08004260   0x00000034   Code   RO         4548    i.prvDeleteTCB      tasks.o
    0x08004294   0x08004294   0x0000004c   Code   RO         5216    i.prvHeapInit       heap_4.o
    0x080042e0   0x080042e0   0x00000060   Code   RO         4549    i.prvIdleTask       tasks.o
    0x08004340   0x08004340   0x00000016   Code   RO         4234    i.prvInitialiseNewQueue  queue.o
    0x08004356   0x08004356   0x0000008e   Code   RO         4550    i.prvInitialiseNewTask  tasks.o
    0x080043e4   0x080043e4   0x0000004c   Code   RO         5217    i.prvInsertBlockIntoFreeList  heap_4.o
    0x08004430   0x08004430   0x00000020   Code   RO         4551    i.prvResetNextTaskUnblockTime  tasks.o
    0x08004450   0x08004450   0x00000028   Code   RO         5279    i.prvTaskExitError  port.o
    0x08004478   0x08004478   0x000000d8   Code   RO         5218    i.pvPortMalloc      heap_4.o
    0x08004550   0x08004550   0x00000024   Code   RO         5280    i.pxPortInitialiseStack  port.o
    0x08004574   0x08004574   0x00000026   Code   RO         4191    i.uxListRemove      list.o
    0x0800459a   0x0800459a   0x00000002   PAD
    0x0800459c   0x0800459c   0x00000014   Code   RO          560    i.vApplicationGetIdleTaskMemory  freertos.o
    0x080045b0   0x080045b0   0x00000016   Code   RO         4192    i.vListInitialise   list.o
    0x080045c6   0x080045c6   0x00000006   Code   RO         4193    i.vListInitialiseItem  list.o
    0x080045cc   0x080045cc   0x00000030   Code   RO         4194    i.vListInsert       list.o
    0x080045fc   0x080045fc   0x00000018   Code   RO         4195    i.vListInsertEnd    list.o
    0x08004614   0x08004614   0x00000040   Code   RO         5282    i.vPortEnterCritical  port.o
    0x08004654   0x08004654   0x00000028   Code   RO         5283    i.vPortExitCritical  port.o
    0x0800467c   0x0800467c   0x0000005c   Code   RO         5219    i.vPortFree         heap_4.o
    0x080046d8   0x080046d8   0x00000024   Code   RO         5284    i.vPortSetupTimerInterrupt  port.o
    0x080046fc   0x080046fc   0x0000004c   Code   RO         4559    i.vTaskDelay        tasks.o
    0x08004748   0x08004748   0x0000006c   Code   RO         4572    i.vTaskStartScheduler  tasks.o
    0x080047b4   0x080047b4   0x00000010   Code   RO         4574    i.vTaskSuspendAll   tasks.o
    0x080047c4   0x080047c4   0x0000005c   Code   RO         4575    i.vTaskSwitchContext  tasks.o
    0x08004820   0x08004820   0x000000a8   Code   RO         5286    i.xPortStartScheduler  port.o
    0x080048c8   0x080048c8   0x00000048   Code   RO         4245    i.xQueueGenericCreate  queue.o
    0x08004910   0x08004910   0x00000066   Code   RO         4246    i.xQueueGenericCreateStatic  queue.o
    0x08004976   0x08004976   0x00000002   PAD
    0x08004978   0x08004978   0x00000088   Code   RO         4247    i.xQueueGenericReset  queue.o
    0x08004a00   0x08004a00   0x0000005a   Code   RO         4577    i.xTaskCreate       tasks.o
    0x08004a5a   0x08004a5a   0x00000056   Code   RO         4578    i.xTaskCreateStatic  tasks.o
    0x08004ab0   0x08004ab0   0x000000c8   Code   RO         4585    i.xTaskIncrementTick  tasks.o
    0x08004b78   0x08004b78   0x00000074   Code   RO         4590    i.xTaskRemoveFromEventList  tasks.o
    0x08004bec   0x08004bec   0x000000c4   Code   RO         4591    i.xTaskResumeAll    tasks.o
    0x08004cb0   0x08004cb0   0x0000000a   Data   RO          173    .constdata          nrf24l01.o
    0x08004cba   0x08004cba   0x00000002   PAD
    0x08004cbc   0x08004cbc   0x00000064   Data   RO          562    .constdata          freertos.o
    0x08004d20   0x08004d20   0x00000012   Data   RO         1168    .constdata          stm32f1xx_hal_rcc.o
    0x08004d32   0x08004d32   0x00000010   Data   RO         4054    .constdata          system_stm32f1xx.o
    0x08004d42   0x08004d42   0x00000008   Data   RO         4055    .constdata          system_stm32f1xx.o
    0x08004d4a   0x08004d4a   0x00000006   PAD
    0x08004d50   0x08004d50   0x00000098   Data   RO         5664    .constdata          m_ws.l(atan.o)
    0x08004de8   0x08004de8   0x00000008   Data   RO         5686    .constdata          m_ws.l(qnan.o)
    0x08004df0   0x08004df0   0x00000024   Data   RO          563    .conststring        freertos.o
    0x08004e14   0x08004e14   0x00000020   Data   RO         5732    Region$$Table       anon$$obj.o


    Execution Region RW_IRAM1 (Exec base: 0x20000000, Load base: 0x08004e34, Size: 0x000015e8, Max: 0x00005000, ABSOLUTE)

    Exec Addr    Load Addr    Size         Type   Attr      Idx    E Section Name        Object

    0x20000000   0x08004e34   0x0000003c   Data   RW          272    .data               control.o
    0x2000003c   0x08004e70   0x00000008   Data   RW          317    .data               filter.o
    0x20000044   0x08004e78   0x00000014   Data   RW          564    .data               freertos.o
    0x20000058   0x08004e8c   0x0000000c   Data   RW         1005    .data               stm32f1xx_hal.o
    0x20000064   0x08004e98   0x00000004   Data   RW         4056    .data               system_stm32f1xx.o
    0x20000068   0x08004e9c   0x0000003c   Data   RW         4594    .data               tasks.o
    0x200000a4   0x08004ed8   0x00000018   Data   RW         5224    .data               heap_4.o
    0x200000bc   0x08004ef0   0x0000000c   Data   RW         5287    .data               port.o
    0x200000c8   0x08004efc   0x00000004   Data   RW         5701    .data               mc_w.l(stdout.o)
    0x200000cc        -       0x0000000e   Zero   RW          433    .bss                main.o
    0x200000da   0x08004f00   0x00000002   PAD
    0x200000dc        -       0x00000298   Zero   RW          561    .bss                freertos.o
    0x20000374        -       0x00000054   Zero   RW          634    .bss                i2c.o
    0x200003c8        -       0x00000058   Zero   RW          676    .bss                spi.o
    0x20000420        -       0x00000048   Zero   RW          719    .bss                tim.o
    0x20000468        -       0x00000048   Zero   RW          767    .bss                usart.o
    0x200004b0        -       0x00000048   Zero   RW          908    .bss                stm32f1xx_hal_timebase_tim.o
    0x200004f8        -       0x000000f0   Zero   RW         4593    .bss                tasks.o
    0x200005e8        -       0x00000c00   Zero   RW         5223    .bss                heap_4.o
    0x200011e8        -       0x00000400   Zero   RW            1    STACK               startup_stm32f103xb.o


==============================================================================

Image component sizes


      Code (inc. data)   RO Data    RW Data    ZI Data      Debug   Object Name

       158          0          0          0          0      23271   cmsis_os.o
       428         44          0         60          0       2111   control.o
         0          0          0          0          0      18276   event_groups.o
        72         14          0          8          0        900   filter.o
       534        138        136         20        664       5611   freertos.o
       172         12          0          0          0       1011   gpio.o
       460         24          0         24       3072       7387   heap_4.o
       160         28          0          0         84       1713   i2c.o
       138          0          0          0          0       3526   list.o
       230         18          0          0         14      33929   main.o
       462         22          0          0          0       6399   mpu6050.o
       956        188         10          0          0       7543   nrf24l01.o
       578         60          0         12          0      10584   port.o
       332          4          0          0          0       6143   queue.o
        18          0          0          0          0     442557   servo.o
       184         22          0          0         88       1737   spi.o
        36          8        236          0       1024        824   startup_stm32f103xb.o
       100         18          0         12          0       5402   stm32f1xx_hal.o
       158         14          0          0          0      28290   stm32f1xx_hal_cortex.o
       222          4          0          0          0       1835   stm32f1xx_hal_dma.o
       516         34          0          0          0       4232   stm32f1xx_hal_gpio.o
      2370         56          0          0          0      13238   stm32f1xx_hal_i2c.o
        72         10          0          0          0        914   stm32f1xx_hal_msp.o
      1304         94         18          0          0       5893   stm32f1xx_hal_rcc.o
       888          4          0          0          0       4853   stm32f1xx_hal_spi.o
      1454         58          0          0          0      13235   stm32f1xx_hal_tim.o
       108         12          0          0          0       2489   stm32f1xx_hal_tim_ex.o
       140         22          0          0         72       1491   stm32f1xx_hal_timebase_tim.o
      1554         10          0          0          0      11188   stm32f1xx_hal_uart.o
        36         12          0          0          0       3634   stm32f1xx_it.o
         0          0          0          0          0        392   stream_buffer.o
         2          0         24          4          0       1179   system_stm32f1xx.o
      1622        118          0         60        240      17413   tasks.o
       268         22          0          0         72       2363   tim.o
       208         26          0          0         72       2274   usart.o

    ----------------------------------------------------------------------
     15976       1096        464        200       5404     693837   Object Totals
         0          0         32          0          0          0   (incl. Generated)
        36          0          8          0          2          0   (incl. Padding)

    ----------------------------------------------------------------------

      Code (inc. data)   RO Data    RW Data    ZI Data      Debug   Library Member Name

       544         70        152          0          0        124   atan.o
       384         38          0          0          0        144   atan2.o
        26          6          0          0          0        204   dunder.o
        40          0          0          0          0         68   fpclassify.o
       170          0          0          0          0         96   poly.o
         0          0          8          0          0          0   qnan.o
         0          0          0          0          0          0   entry.o
         0          0          0          0          0          0   entry10a.o
         0          0          0          0          0          0   entry11a.o
         8          4          0          0          0          0   entry2.o
         4          0          0          0          0          0   entry5.o
         0          0          0          0          0          0   entry7b.o
         0          0          0          0          0          0   entry8b.o
         8          4          0          0          0          0   entry9a.o
        30          0          0          0          0          0   handlers.o
        36          8          0          0          0         68   init.o
         0          0          0          0          0          0   iusefp.o
        30          0          0          0          0         68   llshl.o
        36          0          0          0          0         68   llsshr.o
        32          0          0          0          0         68   llushr.o
        36          0          0          0          0         68   memcpya.o
        36          0          0          0          0        108   memseta.o
       372         14          0          0          0        184   printf1.o
         0          0          0          4          0          0   stdout.o
        44          0          0          0          0         80   uidiv.o
        56          0          0          0          0         88   d2f.o
       334          0          0          0          0        148   dadd.o
       222          0          0          0          0        100   ddiv.o
       186          0          0          0          0        176   depilogue.o
        34          0          0          0          0         76   dflti.o
       228          0          0          0          0         96   dmul.o
        46          0          0          0          0         80   dscalb.o
        38          0          0          0          0         68   f2d.o
       176          0          0          0          0        140   fadd.o
       110          0          0          0          0        168   fepilogue.o
        50          0          0          0          0         68   ffixi.o
       100          0          0          0          0         76   fmul.o

    ----------------------------------------------------------------------
      3420        144        160          4          0       2632   Library Totals
         4          0          0          0          0          0   (incl. Padding)

    ----------------------------------------------------------------------

      Code (inc. data)   RO Data    RW Data    ZI Data      Debug   Library Name

      1164        114        160          0          0        636   m_ws.l
       672         30          0          4          0        712   mc_w.l
      1580          0          0          0          0       1284   mf_w.l

    ----------------------------------------------------------------------
      3420        144        160          4          0       2632   Library Totals

    ----------------------------------------------------------------------

==============================================================================


      Code (inc. data)   RO Data    RW Data    ZI Data      Debug   

     19396       1240        624        204       5404     686741   Grand Totals
     19396       1240        624        204       5404     686741   ELF Image Totals
     19396       1240        624        204          0          0   ROM Totals

==============================================================================

    Total RO  Size (Code + RO Data)                20020 (  19.55kB)
    Total RW  Size (RW Data + ZI Data)              5608 (   5.48kB)
    Total ROM Size (Code + RO Data + RW Data)      20224 (  19.75kB)

==============================================================================

